{"name": "provenance", "time": 1790510134.6887152, "git_head": "9f39f648f977d2223e7889c896ea0fa6fa1031ac", "imports": "/home/ubuntu/orca/workspaces/tdxman/aspool-dg03-storage/src/aspool/__init__.py", "python": "/home/ubuntu/orca/workspaces/tdxman/aspool-dg03-storage/.venv/bin/python", "source_hashes": {"src/aspool/dg03_candidate.py": "37a115502f6120f4ff2c7c74d5a97705d5e6bb794380dbf19c83470a93f91e62", "src/aspool/dg03_etf.py": "5549a56d203d0a7ce98e260baa8327c61074ab81091127598e0761e591963ffd", "scripts/dg03/bench.py": "91ccddcd42f95445dd5a0432c953eca79bc888d7032e327c48fa8823a39a7158"}, "snapshot": "/home/ubuntu/aspool-recovery/20260927-data-remediation/snapshot", "lab": "/home/ubuntu/aspool-labs/dg03-20260927", "candidate": "/home/ubuntu/aspool-labs/dg03-20260927/month-clustered", "manifest_sha256": "123a53ecf9461d65ddcafe43bf73e3edb16278f9fc5ad1b84e014547b079a76b", "versions": {"duckdb": "1.5.5", "pandas": "3.0.5", "pyarrow": "25.0.1", "numpy": "2.2.6"}, "memory_limit": "1GB", "threads": 2, "nice": 0, "cache": "OS cache not evicted; raw repeats retained"}
{"name": "growth_5x_sample_copy", "time": 1790510154.3657312, "seconds": 18.835034332005307, "maxrss_bytes": 155312128, "rss_start": 147120128, "rss_end": 154210304, "peak_sampled_rss": 155312128, "io_delta": {"rchar": 10103221430, "wchar": 10102942109, "syscr": 13292, "syscw": 12914, "read_bytes": 10105692160, "write_bytes": 10116157440, "cancelled_write_bytes": 0}, "disk_before": 0, "disk_after": 10102942109, "peak_sampled_disk": 10102653516, "result": null, "status": "passed", "error": null}
{"name": "growth_size", "time": 1790510155.2529097, "factor": 5, "rows": 89311935, "securities": 7288, "disk": 10102942109}
{"name": "growth_5x_physical_before", "time": 1790510156.1795013, "row_groups": 759, "total_rows": 89311935, "day_eligible_groups": 2, "day_row_upper_bound": 167667, "updated_segments": 0}
{"name": "growth_5x_day_0", "time": 1790510156.2370358, "rows": 7266, "scans": [{"operator_name": "SEQ_SCAN", "operator_rows_scanned": 167667, "operator_cardinality": 7266, "extra_info": {"Table": "\"catalog\".main.dg03_daily", "Type": "Sequential Scan", "Projections": ["trade_date", "amount", "amplitude", "close", "code", "date", "float_mv", "float_share", "high", "is_st", "low", "name", "open", "pb", "pct_chg", "pe_ttm", "pre_close", "total_mv", "total_share", "turnover", "volume", "symbol", "vol_ratio", "datetime", "vol", "float_shares", "is_st_source", "is_st_name_date", "pre_close_source", "pct_chg_source", "amplitude_source", "vol_ratio_source", "float_share_source", "float_mv_source", "total_share_source", "total_mv_source", "turnover_rate", "turnover_rate_source", "asset_type", "ohlcv_source", "__market", "__code"], "Filters": "trade_date='2026-09-24'::DATE", "Estimated Cardinality": "2892"}}], "cpu_time": 0.052668225, "peak_buffer": 1509720064, "peak_temp": 0, "profile": "/home/ubuntu/aspool-labs/dg03-20260927/growth_5x_day_0.json"}
{"name": "growth_5x_code_index_population_0", "time": 1790510161.3235338, "rows": 31590, "scans": [{"operator_name": "SEQ_SCAN", "operator_rows_scanned": 31590, "operator_cardinality": 31590, "extra_info": {"Table": "\"catalog\".main.dg03_daily", "Type": "Index Scan", "Projections": ["__code", "amount", "amplitude", "close", "code", "date", "float_mv", "float_share", "high", "is_st", "low", "name", "open", "pb", "pct_chg", "pe_ttm", "pre_close", "total_mv", "total_share", "turnover", "volume", "symbol", "trade_date", "vol_ratio", "datetime", "vol", "float_shares", "is_st_source", "is_st_name_date", "pre_close_source", "pct_chg_source", "amplitude_source", "vol_ratio_source", "float_share_source", "float_mv_source", "total_share_source", "total_mv_source", "turnover_rate", "turnover_rate_source", "asset_type", "ohlcv_source", "__market"], "Filters": "__code='000001'", "Estimated Cardinality": "13667"}}], "cpu_time": 6.225075057000001, "peak_buffer": 1999798272, "peak_temp": 0, "profile": "/home/ubuntu/aspool-labs/dg03-20260927/growth_5x_code_index_population_0.json"}
{"name": "growth_5x_day_1", "time": 1790510161.3875623, "rows": 7266, "scans": [{"operator_name": "SEQ_SCAN", "operator_rows_scanned": 167667, "operator_cardinality": 7266, "extra_info": {"Table": "\"catalog\".main.dg03_daily", "Type": "Sequential Scan", "Projections": ["trade_date", "amount", "amplitude", "close", "code", "date", "float_mv", "float_share", "high", "is_st", "low", "name", "open", "pb", "pct_chg", "pe_ttm", "pre_close", "total_mv", "total_share", "turnover", "volume", "symbol", "vol_ratio", "datetime", "vol", "float_shares", "is_st_source", "is_st_name_date", "pre_close_source", "pct_chg_source", "amplitude_source", "vol_ratio_source", "float_share_source", "float_mv_source", "total_share_source", "total_mv_source", "turnover_rate", "turnover_rate_source", "asset_type", "ohlcv_source", "__market", "__code"], "Filters": "trade_date='2026-09-24'::DATE", "Estimated Cardinality": "2892"}}], "cpu_time": 0.041138493000000005, "peak_buffer": 1999798272, "peak_temp": 0, "profile": "/home/ubuntu/aspool-labs/dg03-20260927/growth_5x_day_1.json"}
{"name": "growth_5x_code_index_population_1", "time": 1790510163.3614588, "rows": 31590, "scans": [{"operator_name": "SEQ_SCAN", "operator_rows_scanned": 31590, "operator_cardinality": 31590, "extra_info": {"Table": "\"catalog\".main.dg03_daily", "Type": "Index Scan", "Projections": ["__code", "amount", "amplitude", "close", "code", "date", "float_mv", "float_share", "high", "is_st", "low", "name", "open", "pb", "pct_chg", "pe_ttm", "pre_close", "total_mv", "total_share", "turnover", "volume", "symbol", "trade_date", "vol_ratio", "datetime", "vol", "float_shares", "is_st_source", "is_st_name_date", "pre_close_source", "pct_chg_source", "amplitude_source", "vol_ratio_source", "float_share_source", "float_mv_source", "total_share_source", "total_mv_source", "turnover_rate", "turnover_rate_source", "asset_type", "ohlcv_source", "__market"], "Filters": "__code='000001'", "Estimated Cardinality": "13667"}}], "cpu_time": 2.3615653489999997, "peak_buffer": 1999798272, "peak_temp": 0, "profile": "/home/ubuntu/aspool-labs/dg03-20260927/growth_5x_code_index_population_1.json"}
{"name": "growth_5x_day_2", "time": 1790510163.4148977, "rows": 7266, "scans": [{"operator_name": "SEQ_SCAN", "operator_rows_scanned": 167667, "operator_cardinality": 7266, "extra_info": {"Table": "\"catalog\".main.dg03_daily", "Type": "Sequential Scan", "Projections": ["trade_date", "amount", "amplitude", "close", "code", "date", "float_mv", "float_share", "high", "is_st", "low", "name", "open", "pb", "pct_chg", "pe_ttm", "pre_close", "total_mv", "total_share", "turnover", "volume", "symbol", "vol_ratio", "datetime", "vol", "float_shares", "is_st_source", "is_st_name_date", "pre_close_source", "pct_chg_source", "amplitude_source", "vol_ratio_source", "float_share_source", "float_mv_source", "total_share_source", "total_mv_source", "turnover_rate", "turnover_rate_source", "asset_type", "ohlcv_source", "__market", "__code"], "Filters": "trade_date='2026-09-24'::DATE", "Estimated Cardinality": "2892"}}], "cpu_time": 0.03638128900000001, "peak_buffer": 1999798272, "peak_temp": 0, "profile": "/home/ubuntu/aspool-labs/dg03-20260927/growth_5x_day_2.json"}
{"name": "growth_5x_code_index_population_2", "time": 1790510165.4096763, "rows": 31590, "scans": [{"operator_name": "SEQ_SCAN", "operator_rows_scanned": 31590, "operator_cardinality": 31590, "extra_info": {"Table": "\"catalog\".main.dg03_daily", "Type": "Index Scan", "Projections": ["__code", "amount", "amplitude", "close", "code", "date", "float_mv", "float_share", "high", "is_st", "low", "name", "open", "pb", "pct_chg", "pe_ttm", "pre_close", "total_mv", "total_share", "turnover", "volume", "symbol", "trade_date", "vol_ratio", "datetime", "vol", "float_shares", "is_st_source", "is_st_name_date", "pre_close_source", "pct_chg_source", "amplitude_source", "vol_ratio_source", "float_share_source", "float_mv_source", "total_share_source", "total_mv_source", "turnover_rate", "turnover_rate_source", "asset_type", "ohlcv_source", "__market"], "Filters": "__code='000001'", "Estimated Cardinality": "13667"}}], "cpu_time": 2.399975768, "peak_buffer": 1999798272, "peak_temp": 0, "profile": "/home/ubuntu/aspool-labs/dg03-20260927/growth_5x_code_index_population_2.json"}
{"name": "growth_5x_public_day_0", "time": 1790510166.2042177, "seconds": 0.11757736999425106, "maxrss_bytes": 1381601280, "rss_start": 212332544, "rss_end": 206872576, "peak_sampled_rss": 285560832, "io_delta": {"rchar": 32833542, "wchar": 4, "syscr": 149, "syscw": 1, "read_bytes": 8257536, "write_bytes": 4096, "cancelled_write_bytes": 4096}, "disk_before": 10102942109, "disk_after": 10102942109, "peak_sampled_disk": 10102942109, "result": {"rows": 5570, "fields": 35, "attrs": {"contract_version": 2, "price_adjustment": "raw", "volume_unit": "share", "amount_unit": "CNY", "turnover_rate_unit": "percent", "available_at": null, "point_in_time": false, "dataset_version": null}}, "status": "passed", "error": null}
{"name": "growth_5x_public_day_1", "time": 1790510167.1123416, "seconds": 0.10999065000214614, "maxrss_bytes": 1381601280, "rss_start": 205287424, "rss_end": 204992512, "peak_sampled_rss": 268271616, "io_delta": {"rchar": 32783498, "wchar": 0, "syscr": 145, "syscw": 0, "read_bytes": 0, "write_bytes": 0, "cancelled_write_bytes": 0}, "disk_before": 10102942109, "disk_after": 10102942109, "peak_sampled_disk": 10102942109, "result": {"rows": 5570, "fields": 35, "attrs": {"contract_version": 2, "price_adjustment": "raw", "volume_unit": "share", "amount_unit": "CNY", "turnover_rate_unit": "percent", "available_at": null, "point_in_time": false, "dataset_version": null}}, "status": "passed", "error": null}
{"name": "growth_5x_public_day_2", "time": 1790510167.959817, "seconds": 0.12493705700035207, "maxrss_bytes": 1381601280, "rss_start": 205156352, "rss_end": 203894784, "peak_sampled_rss": 264581120, "io_delta": {"rchar": 32783498, "wchar": 0, "syscr": 145, "syscw": 0, "read_bytes": 0, "write_bytes": 0, "cancelled_write_bytes": 0}, "disk_before": 10102942109, "disk_after": 10102942109, "peak_sampled_disk": 10102942109, "result": {"rows": 5570, "fields": 35, "attrs": {"contract_version": 2, "price_adjustment": "raw", "volume_unit": "share", "amount_unit": "CNY", "turnover_rate_unit": "percent", "available_at": null, "point_in_time": false, "dataset_version": null}}, "status": "passed", "error": null}
{"name": "growth_5x_public_60_natural_days_0", "time": 1790510169.1435342, "seconds": 0.8469416989973979, "maxrss_bytes": 1381601280, "rss_start": 204222464, "rss_end": 365621248, "peak_sampled_rss": 330256384, "io_delta": {"rchar": 66601562, "wchar": 0, "syscr": 276, "syscw": 0, "read_bytes": 12451840, "write_bytes": 0, "cancelled_write_bytes": 0}, "disk_before": 10102942109, "disk_after": 10102942109, "peak_sampled_disk": 10102942109, "result": {"rows": 243936, "fields": 35, "attrs": {"contract_version": 2, "price_adjustment": "raw", "volume_unit": "share", "amount_unit": "CNY", "turnover_rate_unit": "percent", "available_at": null, "point_in_time": false, "dataset_version": null}}, "status": "passed", "error": null}
{"name": "growth_5x_public_60_natural_days_1", "time": 1790510170.507984, "seconds": 0.8358386239997344, "maxrss_bytes": 1381601280, "rss_start": 356880384, "rss_end": 369016832, "peak_sampled_rss": 438714368, "io_delta": {"rchar": 66600076, "wchar": 0, "syscr": 274, "syscw": 0, "read_bytes": 0, "write_bytes": 0, "cancelled_write_bytes": 0}, "disk_before": 10102942109, "disk_after": 10102942109, "peak_sampled_disk": 10102942109, "result": {"rows": 243936, "fields": 35, "attrs": {"contract_version": 2, "price_adjustment": "raw", "volume_unit": "share", "amount_unit": "CNY", "turnover_rate_unit": "percent", "available_at": null, "point_in_time": false, "dataset_version": null}}, "status": "passed", "error": null}
{"name": "growth_5x_public_60_natural_days_2", "time": 1790510171.888886, "seconds": 0.796271416998934, "maxrss_bytes": 1381601280, "rss_start": 367079424, "rss_end": 379850752, "peak_sampled_rss": 666124288, "io_delta": {"rchar": 66603048, "wchar": 0, "syscr": 278, "syscw": 0, "read_bytes": 0, "write_bytes": 0, "cancelled_write_bytes": 0}, "disk_before": 10102942109, "disk_after": 10102942109, "peak_sampled_disk": 10102942109, "result": {"rows": 243936, "fields": 35, "attrs": {"contract_version": 2, "price_adjustment": "raw", "volume_unit": "share", "amount_unit": "CNY", "turnover_rate_unit": "percent", "available_at": null, "point_in_time": false, "dataset_version": null}}, "status": "passed", "error": null}
{"name": "growth_5x_public_single_history_0", "time": 1790510174.1319609, "seconds": 1.9268985360031365, "maxrss_bytes": 1381601280, "rss_start": 375001088, "rss_end": 342339584, "peak_sampled_rss": 887693312, "io_delta": {"rchar": 5241327094, "wchar": 2916352, "syscr": 20020, "syscw": 13, "read_bytes": 2506752, "write_bytes": 2916352, "cancelled_write_bytes": 2916352}, "disk_before": 10102942109, "disk_after": 10102942109, "peak_sampled_disk": 10102942109, "result": null, "status": "failed", "error": "DataPoolError(\"Out of Memory Error: failed to pin block of size 256.0 KiB (488.0 MiB/488.2 MiB used)\\n\\nPossible solutions:\\n* Reducing the number of threads (SET threads=X)\\n* Disabling insertion-order preservation (SET preserve_insertion_order=false)\\n* Increasing the memory limit (SET memory_limit='...GB')\\n\\nSee also https://duckdb.org/docs/stable/guides/performance/how_to_tune_workloads\")"}
{"name": "phase_growth-samples", "time": 1790510174.553287, "seconds": 39.05998590300442, "maxrss_bytes": 1381601280, "rss_start": 147120128, "rss_end": 342667264, "peak_sampled_rss": 1361285120, "io_delta": {"rchar": 27719361946, "wchar": 10105950969, "syscr": 80758, "syscw": 12967, "read_bytes": 14411354112, "write_bytes": 10119204864, "cancelled_write_bytes": 2920448}, "disk_before": 64964901596, "disk_after": 75067936209, "peak_sampled_disk": 75067932937, "result": null, "status": "failed", "error": "DataPoolError(\"Out of Memory Error: failed to pin block of size 256.0 KiB (488.0 MiB/488.2 MiB used)\\n\\nPossible solutions:\\n* Reducing the number of threads (SET threads=X)\\n* Disabling insertion-order preservation (SET preserve_insertion_order=false)\\n* Increasing the memory limit (SET memory_limit='...GB')\\n\\nSee also https://duckdb.org/docs/stable/guides/performance/how_to_tune_workloads\")"}
Traceback (most recent call last):
  File "/home/ubuntu/orca/workspaces/tdxman/aspool-dg03-storage/src/aspool/api_contract.py", line 20, in wrapped
    return function(*args, **kwargs)
           ^^^^^^^^^^^^^^^^^^^^^^^^^
  File "/home/ubuntu/orca/workspaces/tdxman/aspool-dg03-storage/src/aspool/dg03_candidate.py", line 545, in read_daily
    duckdb.connect() as conn,
    ^^^^^^^^^^^^^^^^
  File "/home/ubuntu/orca/workspaces/tdxman/aspool-dg03-storage/src/aspool/dg03_candidate.py", line 551, in read_daily
    files = storage.bind(
            ^^^^^^^^^^^^^
  File "/home/ubuntu/orca/workspaces/tdxman/aspool-dg03-storage/src/aspool/dg03_candidate.py", line 64, in bind
    conn.execute(
_duckdb.OutOfMemoryException: Out of Memory Error: failed to pin block of size 256.0 KiB (488.0 MiB/488.2 MiB used)

Possible solutions:
* Reducing the number of threads (SET threads=X)
* Disabling insertion-order preservation (SET preserve_insertion_order=false)
* Increasing the memory limit (SET memory_limit='...GB')

See also https://duckdb.org/docs/stable/guides/performance/how_to_tune_workloads

The above exception was the direct cause of the following exception:

Traceback (most recent call last):
  File "/home/ubuntu/orca/workspaces/tdxman/aspool-dg03-storage/scripts/dg03/bench.py", line 1029, in <module>
    main()
  File "/home/ubuntu/orca/workspaces/tdxman/aspool-dg03-storage/scripts/dg03/bench.py", line 1006, in main
    measured(
  File "/home/ubuntu/orca/workspaces/tdxman/aspool-dg03-storage/scripts/dg03/bench.py", line 129, in measured
    raise failure
  File "/home/ubuntu/orca/workspaces/tdxman/aspool-dg03-storage/scripts/dg03/bench.py", line 105, in measured
    result = fn()
             ^^^^
  File "/home/ubuntu/orca/workspaces/tdxman/aspool-dg03-storage/scripts/dg03/bench.py", line 1014, in <lambda>
    "growth-samples": lambda: sample_growth(args.factor),
                              ^^^^^^^^^^^^^^^^^^^^^^^^^^
  File "/home/ubuntu/orca/workspaces/tdxman/aspool-dg03-storage/scripts/dg03/bench.py", line 667, in sample_growth
    measured(f"growth_{factor}x_public_{workload}_{repeat}", read_sample, root)
  File "/home/ubuntu/orca/workspaces/tdxman/aspool-dg03-storage/scripts/dg03/bench.py", line 129, in measured
    raise failure
  File "/home/ubuntu/orca/workspaces/tdxman/aspool-dg03-storage/scripts/dg03/bench.py", line 105, in measured
    result = fn()
             ^^^^
  File "/home/ubuntu/orca/workspaces/tdxman/aspool-dg03-storage/scripts/dg03/bench.py", line 658, in read_sample
    frame = pool.read_daily(**kwargs)
            ^^^^^^^^^^^^^^^^^^^^^^^^^
  File "/home/ubuntu/orca/workspaces/tdxman/aspool-dg03-storage/src/aspool/api_contract.py", line 26, in wrapped
    raise DataPoolError("DAILY_INVALID", str(exc)) from exc
aspool.api_contract.DataPoolError: Out of Memory Error: failed to pin block of size 256.0 KiB (488.0 MiB/488.2 MiB used)

Possible solutions:
* Reducing the number of threads (SET threads=X)
* Disabling insertion-order preservation (SET preserve_insertion_order=false)
* Increasing the memory limit (SET memory_limit='...GB')

See also https://duckdb.org/docs/stable/guides/performance/how_to_tune_workloads
