{"name": "provenance", "time": 1790512833.1954465, "git_head": "2a21555a910ae5fd757d08130688215fa9e97b11", "imports": "/home/ubuntu/orca/workspaces/tdxman/aspool-dg03-storage/src/aspool/__init__.py", "python": "/home/ubuntu/orca/workspaces/tdxman/aspool-dg03-storage/.venv/bin/python", "source_hashes": {"src/aspool/dg03_candidate.py": "fddaa4ed4973f45e5e962192af2ad84a395eff74070b4a447c7d0a15b31bb800", "src/aspool/dg03_etf.py": "5c2751364549109ddacecbc3bc4074e17fdeea8d9b52473453e780aab7ad5bd2", "scripts/dg03/bench.py": "3cde7f666ffc8bb96e88a651ee732fdade04338b4d0cd83c062e767408942ad4"}, "snapshot": "/home/ubuntu/aspool-recovery/20260927-data-remediation/snapshot", "lab": "/home/ubuntu/aspool-labs/dg03-20260927", "candidate": "/home/ubuntu/aspool-labs/dg03-20260927/month-clustered", "manifest_sha256": "123a53ecf9461d65ddcafe43bf73e3edb16278f9fc5ad1b84e014547b079a76b", "versions": {"duckdb": "1.5.5", "pandas": "3.0.5", "pyarrow": "25.0.1", "numpy": "2.2.6"}, "memory_limit": "1GB", "threads": 1, "nice": 0, "cache": "OS cache not evicted; raw repeats retained"}
{"name": "monthly_sources", "time": 1790512833.1956599, "script_sha256": "86e4b331c5c715f16ede20c4aef6481ea443e216df8b8cf7beaec9e9833437e1", "module_sha256": "98cb515cc8e756f8f04930c58c001bf09f6ad644eda1be326e5579c8af8cb16b"}
{"name": "monthly_reused_exact_prefix", "time": 1790512847.42884, "factor": 2, "prefix_factor": 1, "files": 321, "rows": 17862387, "sha256_exact": true}
{"name": "monthly_part_parity", "time": 1790512847.5953848, "factor": 2, "month": "1960-01", "rows": 14374, "columns": 42, "exact": true, "path": "/home/ubuntu/aspool-labs/dg03-20260927/monthly-2x/parts/1960-01-69c3307a51624183b8b2cdb6f529f9fd.parquet"}
{"name": "monthly_part_parity", "time": 1790512847.7154808, "factor": 2, "month": "1960-02", "rows": 9100, "columns": 42, "exact": true, "path": "/home/ubuntu/aspool-labs/dg03-20260927/monthly-2x/parts/1960-02-a668bf32faf2429ba71dc0470a72c59e.parquet"}
{"name": "monthly_part_parity", "time": 1790512847.8856356, "factor": 2, "month": "1960-03", "rows": 17554, "columns": 42, "exact": true, "path": "/home/ubuntu/aspool-labs/dg03-20260927/monthly-2x/parts/1960-03-0b73187b2e614e5c8c05f0f5b7c0423a.parquet"}
{"name": "monthly_part_parity", "time": 1790512848.0410013, "factor": 2, "month": "1960-04", "rows": 15243, "columns": 42, "exact": true, "path": "/home/ubuntu/aspool-labs/dg03-20260927/monthly-2x/parts/1960-04-1fe3d096967c47f580073dcee218f786.parquet"}
{"name": "monthly_part_parity", "time": 1790512848.180692, "factor": 2, "month": "1960-05", "rows": 13629, "columns": 42, "exact": true, "path": "/home/ubuntu/aspool-labs/dg03-20260927/monthly-2x/parts/1960-05-105ab31e10ee4cdf9c630b23c4bff0ad.parquet"}
{"name": "monthly_part_parity", "time": 1790512848.346064, "factor": 2, "month": "1960-06", "rows": 17174, "columns": 42, "exact": true, "path": "/home/ubuntu/aspool-labs/dg03-20260927/monthly-2x/parts/1960-06-c5f810b28de248a8acc4f12037e7ed9b.parquet"}
{"name": "monthly_part_parity", "time": 1790512848.5061176, "factor": 2, "month": "1960-07", "rows": 16840, "columns": 42, "exact": true, "path": "/home/ubuntu/aspool-labs/dg03-20260927/monthly-2x/parts/1960-07-217eb01cb35a46fe916e93f486d51d8e.parquet"}
{"name": "monthly_part_parity", "time": 1790512848.676189, "factor": 2, "month": "1960-08", "rows": 18709, "columns": 42, "exact": true, "path": "/home/ubuntu/aspool-labs/dg03-20260927/monthly-2x/parts/1960-08-4ee4f05bb3414f2c96ff2f2e7567d33e.parquet"}
{"name": "monthly_part_parity", "time": 1790512848.8500514, "factor": 2, "month": "1960-09", "rows": 17144, "columns": 42, "exact": true, "path": "/home/ubuntu/aspool-labs/dg03-20260927/monthly-2x/parts/1960-09-72ab59575dce4698b05f3ef505d64f54.parquet"}
{"name": "monthly_part_parity", "time": 1790512849.0005205, "factor": 2, "month": "1960-10", "rows": 14089, "columns": 42, "exact": true, "path": "/home/ubuntu/aspool-labs/dg03-20260927/monthly-2x/parts/1960-10-1ed84bd0366540bfa317d04a928b4262.parquet"}
{"name": "monthly_part_parity", "time": 1790512849.1647637, "factor": 2, "month": "1960-11", "rows": 18424, "columns": 42, "exact": true, "path": "/home/ubuntu/aspool-labs/dg03-20260927/monthly-2x/parts/1960-11-3aa1eeb882134a57b8298546f51dbc98.parquet"}
{"name": "monthly_part_parity", "time": 1790512849.3332896, "factor": 2, "month": "1960-12", "rows": 17806, "columns": 42, "exact": true, "path": "/home/ubuntu/aspool-labs/dg03-20260927/monthly-2x/parts/1960-12-e783e4bf47d6476dbbf773ef8b6f242c.parquet"}
{"name": "monthly_part_parity", "time": 1790512849.4694579, "factor": 2, "month": "1961-01", "rows": 12160, "columns": 42, "exact": true, "path": "/home/ubuntu/aspool-labs/dg03-20260927/monthly-2x/parts/1961-01-06d83fc9ad8849e3afe5779bacdd3d47.parquet"}
{"name": "monthly_part_parity", "time": 1790512849.6267877, "factor": 2, "month": "1961-02", "rows": 15888, "columns": 42, "exact": true, "path": "/home/ubuntu/aspool-labs/dg03-20260927/monthly-2x/parts/1961-02-89298626c5c9475b94c80bfb14859800.parquet"}
{"name": "monthly_part_parity", "time": 1790512849.8119245, "factor": 2, "month": "1961-03", "rows": 19611, "columns": 42, "exact": true, "path": "/home/ubuntu/aspool-labs/dg03-20260927/monthly-2x/parts/1961-03-8896f0eb77dd459cab23129705cd8308.parquet"}
{"name": "monthly_part_parity", "time": 1790512849.9914887, "factor": 2, "month": "1961-04", "rows": 18660, "columns": 42, "exact": true, "path": "/home/ubuntu/aspool-labs/dg03-20260927/monthly-2x/parts/1961-04-516e34565fa649498e6cf2400dae388a.parquet"}
{"name": "monthly_part_parity", "time": 1790512850.1502497, "factor": 2, "month": "1961-05", "rows": 15820, "columns": 42, "exact": true, "path": "/home/ubuntu/aspool-labs/dg03-20260927/monthly-2x/parts/1961-05-d9b031de475d46988de5508b3b72d545.parquet"}
{"name": "monthly_part_parity", "time": 1790512850.3495948, "factor": 2, "month": "1961-06", "rows": 18852, "columns": 42, "exact": true, "path": "/home/ubuntu/aspool-labs/dg03-20260927/monthly-2x/parts/1961-06-5b3f2df486b14777a055dac9a80d53d3.parquet"}
{"name": "monthly_part_parity", "time": 1790512850.5291078, "factor": 2, "month": "1961-07", "rows": 20013, "columns": 42, "exact": true, "path": "/home/ubuntu/aspool-labs/dg03-20260927/monthly-2x/parts/1961-07-52d355a8b3e44234b64dfe862968f517.parquet"}
{"name": "monthly_part_parity", "time": 1790512850.7188957, "factor": 2, "month": "1961-08", "rows": 20991, "columns": 42, "exact": true, "path": "/home/ubuntu/aspool-labs/dg03-20260927/monthly-2x/parts/1961-08-6b40ae577dcd4b16aa1ed812d8c87026.parquet"}
{"name": "monthly_part_parity", "time": 1790512850.888541, "factor": 2, "month": "1961-09", "rows": 18356, "columns": 42, "exact": true, "path": "/home/ubuntu/aspool-labs/dg03-20260927/monthly-2x/parts/1961-09-241b7d8e10c84cf39fee18eac81f87b8.parquet"}
{"name": "monthly_part_parity", "time": 1790512851.0573163, "factor": 2, "month": "1961-10", "rows": 16569, "columns": 42, "exact": true, "path": "/home/ubuntu/aspool-labs/dg03-20260927/monthly-2x/parts/1961-10-b66bfdbc66494f37a2b08a14c2059204.parquet"}
{"name": "monthly_part_parity", "time": 1790512851.245075, "factor": 2, "month": "1961-11", "rows": 20310, "columns": 42, "exact": true, "path": "/home/ubuntu/aspool-labs/dg03-20260927/monthly-2x/parts/1961-11-e8c6343d342840178a5344ac0fce7dc4.parquet"}
{"name": "monthly_part_parity", "time": 1790512851.429303, "factor": 2, "month": "1961-12", "rows": 19315, "columns": 42, "exact": true, "path": "/home/ubuntu/aspool-labs/dg03-20260927/monthly-2x/parts/1961-12-94a881eb01a94effa46655fcce9dcae9.parquet"}
{"name": "monthly_part_parity", "time": 1790512851.6057858, "factor": 2, "month": "1962-01", "rows": 18674, "columns": 42, "exact": true, "path": "/home/ubuntu/aspool-labs/dg03-20260927/monthly-2x/parts/1962-01-094cd40c081e456fb388f96773485505.parquet"}
{"name": "monthly_part_parity", "time": 1790512851.7309108, "factor": 2, "month": "1962-02", "rows": 9330, "columns": 42, "exact": true, "path": "/home/ubuntu/aspool-labs/dg03-20260927/monthly-2x/parts/1962-02-282de0cf384947bb8cf7399f512291be.parquet"}
{"name": "monthly_part_parity", "time": 1790512851.910383, "factor": 2, "month": "1962-03", "rows": 19683, "columns": 42, "exact": true, "path": "/home/ubuntu/aspool-labs/dg03-20260927/monthly-2x/parts/1962-03-c14318f8fb8a46eba17fb7920a1220ff.parquet"}
{"name": "monthly_part_parity", "time": 1790512852.0893188, "factor": 2, "month": "1962-04", "rows": 20495, "columns": 42, "exact": true, "path": "/home/ubuntu/aspool-labs/dg03-20260927/monthly-2x/parts/1962-04-cb5fb4b93b884603adb174e2e8e77d28.parquet"}
{"name": "monthly_part_parity", "time": 1790512852.2530196, "factor": 2, "month": "1962-05", "rows": 16657, "columns": 42, "exact": true, "path": "/home/ubuntu/aspool-labs/dg03-20260927/monthly-2x/parts/1962-05-f15c4779ee1d4da9b17a967fb35f9af7.parquet"}
{"name": "monthly_part_parity", "time": 1790512852.4455025, "factor": 2, "month": "1962-06", "rows": 18805, "columns": 42, "exact": true, "path": "/home/ubuntu/aspool-labs/dg03-20260927/monthly-2x/parts/1962-06-f8463bd09d9941cf8f7f9852719b4d1c.parquet"}
{"name": "monthly_part_parity", "time": 1790512852.643671, "factor": 2, "month": "1962-07", "rows": 22078, "columns": 42, "exact": true, "path": "/home/ubuntu/aspool-labs/dg03-20260927/monthly-2x/parts/1962-07-c9c07c5bbffd4b998dac6392aa7267b1.parquet"}
{"name": "monthly_part_parity", "time": 1790512852.8439438, "factor": 2, "month": "1962-08", "rows": 21401, "columns": 42, "exact": true, "path": "/home/ubuntu/aspool-labs/dg03-20260927/monthly-2x/parts/1962-08-17e113e5c0af44bcb1e1aab3b4338fc2.parquet"}
{"name": "monthly_part_parity", "time": 1790512853.0257957, "factor": 2, "month": "1962-09", "rows": 19513, "columns": 42, "exact": true, "path": "/home/ubuntu/aspool-labs/dg03-20260927/monthly-2x/parts/1962-09-22b0b8fccf9241949f12ed43b29a4a65.parquet"}
{"name": "monthly_part_parity", "time": 1790512853.199653, "factor": 2, "month": "1962-10", "rows": 17695, "columns": 42, "exact": true, "path": "/home/ubuntu/aspool-labs/dg03-20260927/monthly-2x/parts/1962-10-6aad245f459a4fb7b7048f71db7a6546.parquet"}
{"name": "monthly_part_parity", "time": 1790512853.393965, "factor": 2, "month": "1962-11", "rows": 20795, "columns": 42, "exact": true, "path": "/home/ubuntu/aspool-labs/dg03-20260927/monthly-2x/parts/1962-11-5877af9f4ca4461facbcf7121e3beea7.parquet"}
{"name": "monthly_part_parity", "time": 1790512853.603174, "factor": 2, "month": "1962-12", "rows": 21767, "columns": 42, "exact": true, "path": "/home/ubuntu/aspool-labs/dg03-20260927/monthly-2x/parts/1962-12-3e1d24d1fb774a9584053072f08965f6.parquet"}
{"name": "monthly_part_parity", "time": 1790512853.7913585, "factor": 2, "month": "1963-01", "rows": 20056, "columns": 42, "exact": true, "path": "/home/ubuntu/aspool-labs/dg03-20260927/monthly-2x/parts/1963-01-f4e125c63d154ba4a45d8fa8abc07918.parquet"}
{"name": "monthly_part_parity", "time": 1790512853.9484823, "factor": 2, "month": "1963-02", "rows": 15058, "columns": 42, "exact": true, "path": "/home/ubuntu/aspool-labs/dg03-20260927/monthly-2x/parts/1963-02-9c21ec728c594b1ab0f30dc025e5ae01.parquet"}
{"name": "monthly_part_parity", "time": 1790512854.1554308, "factor": 2, "month": "1963-03", "rows": 21176, "columns": 42, "exact": true, "path": "/home/ubuntu/aspool-labs/dg03-20260927/monthly-2x/parts/1963-03-99969a8ed27d45318ec4bb443c1f56c7.parquet"}
{"name": "monthly_part_parity", "time": 1790512854.3806217, "factor": 2, "month": "1963-04", "rows": 22021, "columns": 42, "exact": true, "path": "/home/ubuntu/aspool-labs/dg03-20260927/monthly-2x/parts/1963-04-2d0d29dc13884429976f7adccc39b7dd.parquet"}
{"name": "monthly_part_parity", "time": 1790512854.5294735, "factor": 2, "month": "1963-05", "rows": 14824, "columns": 42, "exact": true, "path": "/home/ubuntu/aspool-labs/dg03-20260927/monthly-2x/parts/1963-05-0fa005cfdcb34c749e244fb9722c412d.parquet"}
{"name": "monthly_part_parity", "time": 1790512854.7347567, "factor": 2, "month": "1963-06", "rows": 20977, "columns": 42, "exact": true, "path": "/home/ubuntu/aspool-labs/dg03-20260927/monthly-2x/parts/1963-06-71eebceb7e4c429c8b18e2a829a27204.parquet"}
{"name": "monthly_part_parity", "time": 1790512854.9494514, "factor": 2, "month": "1963-07", "rows": 23579, "columns": 42, "exact": true, "path": "/home/ubuntu/aspool-labs/dg03-20260927/monthly-2x/parts/1963-07-5cd160c06b5545dcb2b80418a4260eb2.parquet"}
{"name": "monthly_part_parity", "time": 1790512855.1401134, "factor": 2, "month": "1963-08", "rows": 21676, "columns": 42, "exact": true, "path": "/home/ubuntu/aspool-labs/dg03-20260927/monthly-2x/parts/1963-08-1a01e8cc74274452ac3d094e1b751de9.parquet"}
{"name": "monthly_part_parity", "time": 1790512855.3458319, "factor": 2, "month": "1963-09", "rows": 22770, "columns": 42, "exact": true, "path": "/home/ubuntu/aspool-labs/dg03-20260927/monthly-2x/parts/1963-09-043aacd9b6ed4ef49fcb90c11ef72c51.parquet"}
{"name": "monthly_part_parity", "time": 1790512855.518003, "factor": 2, "month": "1963-10", "rows": 18795, "columns": 42, "exact": true, "path": "/home/ubuntu/aspool-labs/dg03-20260927/monthly-2x/parts/1963-10-deb170e2029f4c14b11b7dcf9db0cbbb.parquet"}
{"name": "monthly_part_parity", "time": 1790512855.7089658, "factor": 2, "month": "1963-11", "rows": 21045, "columns": 42, "exact": true, "path": "/home/ubuntu/aspool-labs/dg03-20260927/monthly-2x/parts/1963-11-c89a02e91c6d4ab889ad18d8720da513.parquet"}
{"name": "monthly_part_parity", "time": 1790512855.9425998, "factor": 2, "month": "1963-12", "rows": 24242, "columns": 42, "exact": true, "path": "/home/ubuntu/aspool-labs/dg03-20260927/monthly-2x/parts/1963-12-8b9e5d76ebd24f22af73a95daaefc1b4.parquet"}
{"name": "monthly_part_parity", "time": 1790512856.1011162, "factor": 2, "month": "1964-01", "rows": 13839, "columns": 42, "exact": true, "path": "/home/ubuntu/aspool-labs/dg03-20260927/monthly-2x/parts/1964-01-5b0fe94b8d8842359216e5d6f368b959.parquet"}
{"name": "monthly_part_parity", "time": 1790512856.2982075, "factor": 2, "month": "1964-02", "rows": 21358, "columns": 42, "exact": true, "path": "/home/ubuntu/aspool-labs/dg03-20260927/monthly-2x/parts/1964-02-7e1aa2aabda547f4a3095c30d8d496f3.parquet"}
{"name": "monthly_part_parity", "time": 1790512856.521356, "factor": 2, "month": "1964-03", "rows": 24595, "columns": 42, "exact": true, "path": "/home/ubuntu/aspool-labs/dg03-20260927/monthly-2x/parts/1964-03-d4a02183b97e40b8817377269e92d15f.parquet"}
{"name": "monthly_part_parity", "time": 1790512856.767754, "factor": 2, "month": "1964-04", "rows": 23529, "columns": 42, "exact": true, "path": "/home/ubuntu/aspool-labs/dg03-20260927/monthly-2x/parts/1964-04-be7de177329444718b696d530f9f2547.parquet"}
{"name": "monthly_part_parity", "time": 1790512856.952209, "factor": 2, "month": "1964-05", "rows": 16983, "columns": 42, "exact": true, "path": "/home/ubuntu/aspool-labs/dg03-20260927/monthly-2x/parts/1964-05-26a1cdf494ff4c56ada24afd89b646a3.parquet"}
{"name": "monthly_part_parity", "time": 1790512857.1706657, "factor": 2, "month": "1964-06", "rows": 23905, "columns": 42, "exact": true, "path": "/home/ubuntu/aspool-labs/dg03-20260927/monthly-2x/parts/1964-06-deb6997b5d314471a6cb41b521884146.parquet"}
{"name": "monthly_part_parity", "time": 1790512857.4228399, "factor": 2, "month": "1964-07", "rows": 24683, "columns": 42, "exact": true, "path": "/home/ubuntu/aspool-labs/dg03-20260927/monthly-2x/parts/1964-07-80f90b0a77a74707837a0f2d571f6ccb.parquet"}
{"name": "monthly_part_parity", "time": 1790512857.7138982, "factor": 2, "month": "1964-08", "rows": 25028, "columns": 42, "exact": true, "path": "/home/ubuntu/aspool-labs/dg03-20260927/monthly-2x/parts/1964-08-8457333777b041979f6be90372f89440.parquet"}
{"name": "monthly_part_parity", "time": 1790512857.9524713, "factor": 2, "month": "1964-09", "rows": 25075, "columns": 42, "exact": true, "path": "/home/ubuntu/aspool-labs/dg03-20260927/monthly-2x/parts/1964-09-9e9c5e48f8624c5c9a81b95abe2f3f5c.parquet"}
{"name": "monthly_part_parity", "time": 1790512858.208104, "factor": 2, "month": "1964-10", "rows": 18310, "columns": 42, "exact": true, "path": "/home/ubuntu/aspool-labs/dg03-20260927/monthly-2x/parts/1964-10-d1cbcb1103544a7a8d31b8023f8e781e.parquet"}
{"name": "monthly_part_parity", "time": 1790512858.477837, "factor": 2, "month": "1964-11", "rows": 25235, "columns": 42, "exact": true, "path": "/home/ubuntu/aspool-labs/dg03-20260927/monthly-2x/parts/1964-11-7b263cc760bc446fa5c066e1a44ee2ec.parquet"}
{"name": "monthly_part_parity", "time": 1790512858.7405312, "factor": 2, "month": "1964-12", "rows": 26475, "columns": 42, "exact": true, "path": "/home/ubuntu/aspool-labs/dg03-20260927/monthly-2x/parts/1964-12-3038064ff62c4686a683b184f9e5f88b.parquet"}
{"name": "monthly_part_parity", "time": 1790512858.9456518, "factor": 2, "month": "1965-01", "rows": 23157, "columns": 42, "exact": true, "path": "/home/ubuntu/aspool-labs/dg03-20260927/monthly-2x/parts/1965-01-747fae209d914d399f1c1fdeb1f83075.parquet"}
{"name": "monthly_part_parity", "time": 1790512859.1022632, "factor": 2, "month": "1965-02", "rows": 15062, "columns": 42, "exact": true, "path": "/home/ubuntu/aspool-labs/dg03-20260927/monthly-2x/parts/1965-02-11e24461c0f445ce8a213b492e494953.parquet"}
{"name": "monthly_part_parity", "time": 1790512859.3351142, "factor": 2, "month": "1965-03", "rows": 26623, "columns": 42, "exact": true, "path": "/home/ubuntu/aspool-labs/dg03-20260927/monthly-2x/parts/1965-03-31e339d03a6d48faa8b1e20eccd32fe5.parquet"}
{"name": "monthly_part_parity", "time": 1790512859.5544095, "factor": 2, "month": "1965-04", "rows": 24107, "columns": 42, "exact": true, "path": "/home/ubuntu/aspool-labs/dg03-20260927/monthly-2x/parts/1965-04-405af491c20a4167bcc2cbbe3e5cdfee.parquet"}
{"name": "monthly_part_parity", "time": 1790512859.7578816, "factor": 2, "month": "1965-05", "rows": 19173, "columns": 42, "exact": true, "path": "/home/ubuntu/aspool-labs/dg03-20260927/monthly-2x/parts/1965-05-9bf08810126e4cfa802ad0bb9e6d6d7c.parquet"}
{"name": "monthly_part_parity", "time": 1790512859.9711883, "factor": 2, "month": "1965-06", "rows": 24973, "columns": 42, "exact": true, "path": "/home/ubuntu/aspool-labs/dg03-20260927/monthly-2x/parts/1965-06-3fcb8946597543d8a5aa2d0e8d91b5af.parquet"}
{"name": "monthly_part_parity", "time": 1790512860.1912687, "factor": 2, "month": "1965-07", "rows": 24246, "columns": 42, "exact": true, "path": "/home/ubuntu/aspool-labs/dg03-20260927/monthly-2x/parts/1965-07-fc7d47049d714c4887d043db678c5590.parquet"}
{"name": "monthly_part_parity", "time": 1790512860.4179068, "factor": 2, "month": "1965-08", "rows": 26419, "columns": 42, "exact": true, "path": "/home/ubuntu/aspool-labs/dg03-20260927/monthly-2x/parts/1965-08-c214dee654094556bf56ef6ce245e8be.parquet"}
{"name": "monthly_part_parity", "time": 1790512860.639406, "factor": 2, "month": "1965-09", "rows": 24834, "columns": 42, "exact": true, "path": "/home/ubuntu/aspool-labs/dg03-20260927/monthly-2x/parts/1965-09-4a4afb0257ed4e808f6464e354789eaa.parquet"}
{"name": "monthly_part_parity", "time": 1790512860.8128498, "factor": 2, "month": "1965-10", "rows": 17199, "columns": 42, "exact": true, "path": "/home/ubuntu/aspool-labs/dg03-20260927/monthly-2x/parts/1965-10-e23e5e519dbc4673989c44afee3e2f5a.parquet"}
{"name": "monthly_part_parity", "time": 1790512861.0205204, "factor": 2, "month": "1965-11", "rows": 23750, "columns": 42, "exact": true, "path": "/home/ubuntu/aspool-labs/dg03-20260927/monthly-2x/parts/1965-11-45c49adc9e564b609ebe10c49646847e.parquet"}
{"name": "monthly_part_parity", "time": 1790512861.2265534, "factor": 2, "month": "1965-12", "rows": 23220, "columns": 42, "exact": true, "path": "/home/ubuntu/aspool-labs/dg03-20260927/monthly-2x/parts/1965-12-2cbc6f766bd74ffb89e9e205f3360399.parquet"}
{"name": "monthly_part_parity", "time": 1790512861.39645, "factor": 2, "month": "1966-01", "rows": 16673, "columns": 42, "exact": true, "path": "/home/ubuntu/aspool-labs/dg03-20260927/monthly-2x/parts/1966-01-8a37813b1117458b96b6b22618895fb3.parquet"}
{"name": "monthly_part_parity", "time": 1790512861.5642805, "factor": 2, "month": "1966-02", "rows": 17621, "columns": 42, "exact": true, "path": "/home/ubuntu/aspool-labs/dg03-20260927/monthly-2x/parts/1966-02-9930516289824fedb2b8424cb0408f85.parquet"}
{"name": "monthly_part_parity", "time": 1790512861.7603977, "factor": 2, "month": "1966-03", "rows": 22712, "columns": 42, "exact": true, "path": "/home/ubuntu/aspool-labs/dg03-20260927/monthly-2x/parts/1966-03-4f4f8939609e4dd4b897534e906eced8.parquet"}
{"name": "monthly_part_parity", "time": 1790512861.937429, "factor": 2, "month": "1966-04", "rows": 19520, "columns": 42, "exact": true, "path": "/home/ubuntu/aspool-labs/dg03-20260927/monthly-2x/parts/1966-04-17290b58bf164404bfc2d5f556e9026d.parquet"}
{"name": "monthly_part_parity", "time": 1790512862.111178, "factor": 2, "month": "1966-05", "rows": 17346, "columns": 42, "exact": true, "path": "/home/ubuntu/aspool-labs/dg03-20260927/monthly-2x/parts/1966-05-3f853d456909470880dea22de041151a.parquet"}
{"name": "monthly_part_parity", "time": 1790512862.3084698, "factor": 2, "month": "1966-06", "rows": 22032, "columns": 42, "exact": true, "path": "/home/ubuntu/aspool-labs/dg03-20260927/monthly-2x/parts/1966-06-733a6e5765d547549b3aab53c9bb4d87.parquet"}
{"name": "monthly_part_parity", "time": 1790512862.5086088, "factor": 2, "month": "1966-07", "rows": 21805, "columns": 42, "exact": true, "path": "/home/ubuntu/aspool-labs/dg03-20260927/monthly-2x/parts/1966-07-0a9ae916490e413687b758b228e40af6.parquet"}
{"name": "monthly_part_parity", "time": 1790512862.7187538, "factor": 2, "month": "1966-08", "rows": 24962, "columns": 42, "exact": true, "path": "/home/ubuntu/aspool-labs/dg03-20260927/monthly-2x/parts/1966-08-67ba9d524ef04b58983124e07637963c.parquet"}
{"name": "monthly_part_parity", "time": 1790512862.9291606, "factor": 2, "month": "1966-09", "rows": 23395, "columns": 42, "exact": true, "path": "/home/ubuntu/aspool-labs/dg03-20260927/monthly-2x/parts/1966-09-9be61b3683254c91b4fce58274599e8a.parquet"}
{"name": "monthly_part_parity", "time": 1790512863.1094954, "factor": 2, "month": "1966-10", "rows": 19180, "columns": 42, "exact": true, "path": "/home/ubuntu/aspool-labs/dg03-20260927/monthly-2x/parts/1966-10-eeeaecd744274adca1303d03ac6a1c13.parquet"}
{"name": "monthly_part_parity", "time": 1790512863.3369834, "factor": 2, "month": "1966-11", "rows": 25082, "columns": 42, "exact": true, "path": "/home/ubuntu/aspool-labs/dg03-20260927/monthly-2x/parts/1966-11-94887fc986fb4c919f0de010b846d8fd.parquet"}
{"name": "monthly_part_parity", "time": 1790512863.5391057, "factor": 2, "month": "1966-12", "rows": 23833, "columns": 42, "exact": true, "path": "/home/ubuntu/aspool-labs/dg03-20260927/monthly-2x/parts/1966-12-16204b78f71540a089346867522858fe.parquet"}
{"name": "monthly_part_parity", "time": 1790512863.752822, "factor": 2, "month": "1967-01", "rows": 23014, "columns": 42, "exact": true, "path": "/home/ubuntu/aspool-labs/dg03-20260927/monthly-2x/parts/1967-01-cd1d62ca62f74d5a815602899534d0ab.parquet"}
{"name": "monthly_part_parity", "time": 1790512863.927303, "factor": 2, "month": "1967-02", "rows": 17555, "columns": 42, "exact": true, "path": "/home/ubuntu/aspool-labs/dg03-20260927/monthly-2x/parts/1967-02-af67ff772ced42c0b8ed529b72d414b3.parquet"}
{"name": "monthly_part_parity", "time": 1790512864.165761, "factor": 2, "month": "1967-03", "rows": 25984, "columns": 42, "exact": true, "path": "/home/ubuntu/aspool-labs/dg03-20260927/monthly-2x/parts/1967-03-1712e5ad0f1a405c8c1861565790e313.parquet"}
{"name": "monthly_part_parity", "time": 1790512864.3776052, "factor": 2, "month": "1967-04", "rows": 24687, "columns": 42, "exact": true, "path": "/home/ubuntu/aspool-labs/dg03-20260927/monthly-2x/parts/1967-04-4fc2783d61de4708a8615dca5dd9b908.parquet"}
{"name": "monthly_part_parity", "time": 1790512864.5728574, "factor": 2, "month": "1967-05", "rows": 20836, "columns": 42, "exact": true, "path": "/home/ubuntu/aspool-labs/dg03-20260927/monthly-2x/parts/1967-05-beb81ed186b64f86908250dc99cd349f.parquet"}
{"name": "monthly_part_parity", "time": 1790512864.8060396, "factor": 2, "month": "1967-06", "rows": 25010, "columns": 42, "exact": true, "path": "/home/ubuntu/aspool-labs/dg03-20260927/monthly-2x/parts/1967-06-c7a669b0ec7a43d5af9dd6adde81262d.parquet"}
{"name": "monthly_part_parity", "time": 1790512865.0362601, "factor": 2, "month": "1967-07", "rows": 26598, "columns": 42, "exact": true, "path": "/home/ubuntu/aspool-labs/dg03-20260927/monthly-2x/parts/1967-07-0319b824d4654ad38b22f78d01c8d4be.parquet"}
{"name": "monthly_part_parity", "time": 1790512865.2815158, "factor": 2, "month": "1967-08", "rows": 27783, "columns": 42, "exact": true, "path": "/home/ubuntu/aspool-labs/dg03-20260927/monthly-2x/parts/1967-08-588d8d18f3f5408d9c8105a5fb4f184c.parquet"}
{"name": "monthly_part_parity", "time": 1790512865.5268064, "factor": 2, "month": "1967-09", "rows": 24395, "columns": 42, "exact": true, "path": "/home/ubuntu/aspool-labs/dg03-20260927/monthly-2x/parts/1967-09-8b3b768c1fcd40c08f4f6b75ca1a665a.parquet"}
{"name": "monthly_part_parity", "time": 1790512865.7364438, "factor": 2, "month": "1967-10", "rows": 22102, "columns": 42, "exact": true, "path": "/home/ubuntu/aspool-labs/dg03-20260927/monthly-2x/parts/1967-10-e0988077fb0648f0bd3a7e4aceac9807.parquet"}
{"name": "monthly_part_parity", "time": 1790512865.981508, "factor": 2, "month": "1967-11", "rows": 27121, "columns": 42, "exact": true, "path": "/home/ubuntu/aspool-labs/dg03-20260927/monthly-2x/parts/1967-11-e76ab41116ea48aca096afa3174121a9.parquet"}
{"name": "monthly_part_parity", "time": 1790512866.220063, "factor": 2, "month": "1967-12", "rows": 24856, "columns": 42, "exact": true, "path": "/home/ubuntu/aspool-labs/dg03-20260927/monthly-2x/parts/1967-12-5a729b24bef84fd38fdde355dbcc8582.parquet"}
{"name": "monthly_part_parity", "time": 1790512866.4852629, "factor": 2, "month": "1968-01", "rows": 27880, "columns": 42, "exact": true, "path": "/home/ubuntu/aspool-labs/dg03-20260927/monthly-2x/parts/1968-01-e9597885b64e4be88669155cffd90f32.parquet"}
{"name": "monthly_part_parity", "time": 1790512866.68981, "factor": 2, "month": "1968-02", "rows": 20523, "columns": 42, "exact": true, "path": "/home/ubuntu/aspool-labs/dg03-20260927/monthly-2x/parts/1968-02-4859ab08271545b79447c8762d5467fd.parquet"}
{"name": "monthly_part_parity", "time": 1790512866.9259675, "factor": 2, "month": "1968-03", "rows": 26900, "columns": 42, "exact": true, "path": "/home/ubuntu/aspool-labs/dg03-20260927/monthly-2x/parts/1968-03-0bf55d54c8454d5f94e198a7d4810681.parquet"}
{"name": "monthly_part_parity", "time": 1790512867.1513524, "factor": 2, "month": "1968-04", "rows": 26694, "columns": 42, "exact": true, "path": "/home/ubuntu/aspool-labs/dg03-20260927/monthly-2x/parts/1968-04-e67a604adf12495b9841a7767af5a934.parquet"}
{"name": "monthly_part_parity", "time": 1790512867.3789403, "factor": 2, "month": "1968-05", "rows": 25379, "columns": 42, "exact": true, "path": "/home/ubuntu/aspool-labs/dg03-20260927/monthly-2x/parts/1968-05-e634734a5af44291be08ad5b08839339.parquet"}
{"name": "monthly_part_parity", "time": 1790512867.6020396, "factor": 2, "month": "1968-06", "rows": 26137, "columns": 42, "exact": true, "path": "/home/ubuntu/aspool-labs/dg03-20260927/monthly-2x/parts/1968-06-588a6a94cd984eb2a375521ed3b51dd0.parquet"}
{"name": "monthly_part_parity", "time": 1790512867.872783, "factor": 2, "month": "1968-07", "rows": 30947, "columns": 42, "exact": true, "path": "/home/ubuntu/aspool-labs/dg03-20260927/monthly-2x/parts/1968-07-c34b91e0b88b48fa9307eb74118ea897.parquet"}
{"name": "monthly_part_parity", "time": 1790512868.1170008, "factor": 2, "month": "1968-08", "rows": 28522, "columns": 42, "exact": true, "path": "/home/ubuntu/aspool-labs/dg03-20260927/monthly-2x/parts/1968-08-f6a8c9e68400434a8609a6c1e9bd7388.parquet"}
{"name": "monthly_part_parity", "time": 1790512868.3398485, "factor": 2, "month": "1968-09", "rows": 25987, "columns": 42, "exact": true, "path": "/home/ubuntu/aspool-labs/dg03-20260927/monthly-2x/parts/1968-09-b5da832851b54465bb25cecb1bc6f9db.parquet"}
{"name": "monthly_part_parity", "time": 1790512868.5990927, "factor": 2, "month": "1968-10", "rows": 27356, "columns": 42, "exact": true, "path": "/home/ubuntu/aspool-labs/dg03-20260927/monthly-2x/parts/1968-10-80ffe36958c84054b1d615a79c63197e.parquet"}
{"name": "monthly_part_parity", "time": 1790512868.855968, "factor": 2, "month": "1968-11", "rows": 27309, "columns": 42, "exact": true, "path": "/home/ubuntu/aspool-labs/dg03-20260927/monthly-2x/parts/1968-11-c51c6f32668b4d0eab9dedb097b48fe6.parquet"}
{"name": "monthly_part_parity", "time": 1790512869.107295, "factor": 2, "month": "1968-12", "rows": 31466, "columns": 42, "exact": true, "path": "/home/ubuntu/aspool-labs/dg03-20260927/monthly-2x/parts/1968-12-afa9c27224a649a98e184c4d546454c2.parquet"}
{"name": "monthly_part_parity", "time": 1790512869.3181117, "factor": 2, "month": "1969-01", "rows": 20733, "columns": 42, "exact": true, "path": "/home/ubuntu/aspool-labs/dg03-20260927/monthly-2x/parts/1969-01-1ef87c254df4468f8410e58968e10633.parquet"}
{"name": "monthly_part_parity", "time": 1790512869.5586083, "factor": 2, "month": "1969-02", "rows": 27716, "columns": 42, "exact": true, "path": "/home/ubuntu/aspool-labs/dg03-20260927/monthly-2x/parts/1969-02-44c1e93a24a7403a8f5ea3627d81d3ee.parquet"}
{"name": "monthly_part_parity", "time": 1790512869.8403308, "factor": 2, "month": "1969-03", "rows": 30436, "columns": 42, "exact": true, "path": "/home/ubuntu/aspool-labs/dg03-20260927/monthly-2x/parts/1969-03-1698afd0c1504f68b0f2a10c63e1624e.parquet"}
{"name": "monthly_part_parity", "time": 1790512870.0858824, "factor": 2, "month": "1969-04", "rows": 28501, "columns": 42, "exact": true, "path": "/home/ubuntu/aspool-labs/dg03-20260927/monthly-2x/parts/1969-04-507e91749b69460daa1bd14b4b4ce7e5.parquet"}
{"name": "monthly_part_parity", "time": 1790512870.2999551, "factor": 2, "month": "1969-05", "rows": 24260, "columns": 42, "exact": true, "path": "/home/ubuntu/aspool-labs/dg03-20260927/monthly-2x/parts/1969-05-d28547bbfa634eb2a54ec4195e92b280.parquet"}
{"name": "monthly_part_parity", "time": 1790512870.5668948, "factor": 2, "month": "1969-06", "rows": 30142, "columns": 42, "exact": true, "path": "/home/ubuntu/aspool-labs/dg03-20260927/monthly-2x/parts/1969-06-1382b345fb9e4081bc7f4b49bca9a703.parquet"}
{"name": "monthly_part_parity", "time": 1790512870.8385143, "factor": 2, "month": "1969-07", "rows": 31658, "columns": 42, "exact": true, "path": "/home/ubuntu/aspool-labs/dg03-20260927/monthly-2x/parts/1969-07-f50153c638a146bda323e7ac6fa11c60.parquet"}
{"name": "monthly_part_parity", "time": 1790512871.1133785, "factor": 2, "month": "1969-08", "rows": 29042, "columns": 42, "exact": true, "path": "/home/ubuntu/aspool-labs/dg03-20260927/monthly-2x/parts/1969-08-77fa128487cc44279b73bd321239321f.parquet"}
{"name": "monthly_part_parity", "time": 1790512871.3787053, "factor": 2, "month": "1969-09", "rows": 30705, "columns": 42, "exact": true, "path": "/home/ubuntu/aspool-labs/dg03-20260927/monthly-2x/parts/1969-09-67313918c55e492aa4ce2f28b77670b4.parquet"}
{"name": "monthly_part_parity", "time": 1790512871.6082988, "factor": 2, "month": "1969-10", "rows": 22630, "columns": 42, "exact": true, "path": "/home/ubuntu/aspool-labs/dg03-20260927/monthly-2x/parts/1969-10-e0a47c23e69f4dcf9928e1cdb758260d.parquet"}
{"name": "monthly_part_parity", "time": 1790512871.865354, "factor": 2, "month": "1969-11", "rows": 30208, "columns": 42, "exact": true, "path": "/home/ubuntu/aspool-labs/dg03-20260927/monthly-2x/parts/1969-11-b781376a90174f59a2c3d29e5fa1accc.parquet"}
{"name": "monthly_part_parity", "time": 1790512872.1635175, "factor": 2, "month": "1969-12", "rows": 33375, "columns": 42, "exact": true, "path": "/home/ubuntu/aspool-labs/dg03-20260927/monthly-2x/parts/1969-12-02826d01572449e1a8da9d938e4e3aca.parquet"}
{"name": "monthly_part_parity", "time": 1790512872.4310663, "factor": 2, "month": "1970-01", "rows": 29950, "columns": 42, "exact": true, "path": "/home/ubuntu/aspool-labs/dg03-20260927/monthly-2x/parts/1970-01-bd6d3801f3404f8bab1772d6e0cd9ead.parquet"}
{"name": "monthly_part_parity", "time": 1790512872.653205, "factor": 2, "month": "1970-02", "rows": 22961, "columns": 42, "exact": true, "path": "/home/ubuntu/aspool-labs/dg03-20260927/monthly-2x/parts/1970-02-5c29ef90cbf24ad8bbdc530810b5afac.parquet"}
{"name": "monthly_part_parity", "time": 1790512872.9745607, "factor": 2, "month": "1970-03", "rows": 35682, "columns": 42, "exact": true, "path": "/home/ubuntu/aspool-labs/dg03-20260927/monthly-2x/parts/1970-03-e4b9e826ee1842d59542947c7858831a.parquet"}
{"name": "monthly_part_parity", "time": 1790512873.2632375, "factor": 2, "month": "1970-04", "rows": 32713, "columns": 42, "exact": true, "path": "/home/ubuntu/aspool-labs/dg03-20260927/monthly-2x/parts/1970-04-861dbd1c5dc34456bce5a8fef0666654.parquet"}
{"name": "monthly_part_parity", "time": 1790512873.5401657, "factor": 2, "month": "1970-05", "rows": 31617, "columns": 42, "exact": true, "path": "/home/ubuntu/aspool-labs/dg03-20260927/monthly-2x/parts/1970-05-7a11270ec02549ee98b8b2e75e07ec22.parquet"}
{"name": "monthly_part_parity", "time": 1790512873.8090527, "factor": 2, "month": "1970-06", "rows": 30720, "columns": 42, "exact": true, "path": "/home/ubuntu/aspool-labs/dg03-20260927/monthly-2x/parts/1970-06-dc75ac19a5ca4d018fc8c243e477deec.parquet"}
{"name": "monthly_part_parity", "time": 1790512874.1554232, "factor": 2, "month": "1970-07", "rows": 36315, "columns": 42, "exact": true, "path": "/home/ubuntu/aspool-labs/dg03-20260927/monthly-2x/parts/1970-07-324c8fa0e7b348bfbbaebc70b46791dc.parquet"}
{"name": "monthly_part_parity", "time": 1790512874.4775918, "factor": 2, "month": "1970-08", "rows": 36587, "columns": 42, "exact": true, "path": "/home/ubuntu/aspool-labs/dg03-20260927/monthly-2x/parts/1970-08-a4e9bf5cbb9f4b27ada6e6bd88436e5f.parquet"}
{"name": "monthly_part_parity", "time": 1790512874.7489996, "factor": 2, "month": "1970-09", "rows": 32042, "columns": 42, "exact": true, "path": "/home/ubuntu/aspool-labs/dg03-20260927/monthly-2x/parts/1970-09-ad5c2323724e48c9bf4a9c53c3aaef68.parquet"}
{"name": "monthly_part_parity", "time": 1790512874.991379, "factor": 2, "month": "1970-10", "rows": 27602, "columns": 42, "exact": true, "path": "/home/ubuntu/aspool-labs/dg03-20260927/monthly-2x/parts/1970-10-c953d4834cc8476084107a73e31be782.parquet"}
{"name": "monthly_part_parity", "time": 1790512875.3094735, "factor": 2, "month": "1970-11", "rows": 38338, "columns": 42, "exact": true, "path": "/home/ubuntu/aspool-labs/dg03-20260927/monthly-2x/parts/1970-11-30b8da217471469592953433c07b7905.parquet"}
{"name": "monthly_part_parity", "time": 1790512875.6613994, "factor": 2, "month": "1970-12", "rows": 40584, "columns": 42, "exact": true, "path": "/home/ubuntu/aspool-labs/dg03-20260927/monthly-2x/parts/1970-12-afdac10c518b472fb20cf928fb169707.parquet"}
{"name": "monthly_part_parity", "time": 1790512876.0149176, "factor": 2, "month": "1971-01", "rows": 36142, "columns": 42, "exact": true, "path": "/home/ubuntu/aspool-labs/dg03-20260927/monthly-2x/parts/1971-01-65bb615b0c874a9db73ca4fca9b63b7f.parquet"}
{"name": "monthly_part_parity", "time": 1790512876.2590926, "factor": 2, "month": "1971-02", "rows": 27563, "columns": 42, "exact": true, "path": "/home/ubuntu/aspool-labs/dg03-20260927/monthly-2x/parts/1971-02-36dab4a160a14f7e8afcab7613ee2172.parquet"}
{"name": "monthly_part_parity", "time": 1790512876.616043, "factor": 2, "month": "1971-03", "rows": 42754, "columns": 42, "exact": true, "path": "/home/ubuntu/aspool-labs/dg03-20260927/monthly-2x/parts/1971-03-53da0908f7f847e0a182c6f7728bc35f.parquet"}
{"name": "monthly_part_parity", "time": 1790512876.9404094, "factor": 2, "month": "1971-04", "rows": 35212, "columns": 42, "exact": true, "path": "/home/ubuntu/aspool-labs/dg03-20260927/monthly-2x/parts/1971-04-044bbabbb89e4547a6608731bad85b3a.parquet"}
{"name": "monthly_part_parity", "time": 1790512877.2674425, "factor": 2, "month": "1971-05", "rows": 39426, "columns": 42, "exact": true, "path": "/home/ubuntu/aspool-labs/dg03-20260927/monthly-2x/parts/1971-05-c7613f1d4e334e2a8e8c6140e278dd5a.parquet"}
{"name": "monthly_part_parity", "time": 1790512877.5895505, "factor": 2, "month": "1971-06", "rows": 40413, "columns": 42, "exact": true, "path": "/home/ubuntu/aspool-labs/dg03-20260927/monthly-2x/parts/1971-06-d7961f8a82bb4c259cfb65fd6a8da6c0.parquet"}
{"name": "monthly_part_parity", "time": 1790512877.9284756, "factor": 2, "month": "1971-07", "rows": 41149, "columns": 42, "exact": true, "path": "/home/ubuntu/aspool-labs/dg03-20260927/monthly-2x/parts/1971-07-27de849dd2564993a2492b7116835ee8.parquet"}
{"name": "monthly_part_parity", "time": 1790512878.2883813, "factor": 2, "month": "1971-08", "rows": 45726, "columns": 42, "exact": true, "path": "/home/ubuntu/aspool-labs/dg03-20260927/monthly-2x/parts/1971-08-3e3074a396164ecea7d637c8a1d358b3.parquet"}
{"name": "monthly_part_parity", "time": 1790512878.644941, "factor": 2, "month": "1971-09", "rows": 42181, "columns": 42, "exact": true, "path": "/home/ubuntu/aspool-labs/dg03-20260927/monthly-2x/parts/1971-09-82fe593513b2462eaaf14ab32ced6b83.parquet"}
{"name": "monthly_part_parity", "time": 1790512878.9327843, "factor": 2, "month": "1971-10", "rows": 32429, "columns": 42, "exact": true, "path": "/home/ubuntu/aspool-labs/dg03-20260927/monthly-2x/parts/1971-10-f08b429e2f9a46c8b2fb3aa972930066.parquet"}
{"name": "monthly_part_parity", "time": 1790512879.2946434, "factor": 2, "month": "1971-11", "rows": 44782, "columns": 42, "exact": true, "path": "/home/ubuntu/aspool-labs/dg03-20260927/monthly-2x/parts/1971-11-3c419e2ea3bd4858890450936839c00e.parquet"}
{"name": "monthly_part_parity", "time": 1790512879.687197, "factor": 2, "month": "1971-12", "rows": 45172, "columns": 42, "exact": true, "path": "/home/ubuntu/aspool-labs/dg03-20260927/monthly-2x/parts/1971-12-d092ee7e9ff74f9394cb6da21ee6f7dd.parquet"}
{"name": "monthly_part_parity", "time": 1790512879.9434094, "factor": 2, "month": "1972-01", "rows": 31090, "columns": 42, "exact": true, "path": "/home/ubuntu/aspool-labs/dg03-20260927/monthly-2x/parts/1972-01-95f8039e028947e1b2bb4d6433dc5e62.parquet"}
{"name": "monthly_part_parity", "time": 1790512880.310694, "factor": 2, "month": "1972-02", "rows": 43710, "columns": 42, "exact": true, "path": "/home/ubuntu/aspool-labs/dg03-20260927/monthly-2x/parts/1972-02-99689eb1705b4093a457ecaad1578fbf.parquet"}
{"name": "monthly_part_parity", "time": 1790512880.6815212, "factor": 2, "month": "1972-03", "rows": 46070, "columns": 42, "exact": true, "path": "/home/ubuntu/aspool-labs/dg03-20260927/monthly-2x/parts/1972-03-4ab79f4ef620472cad25d458cb27d757.parquet"}
{"name": "monthly_part_parity", "time": 1790512881.1251197, "factor": 2, "month": "1972-04", "rows": 35390, "columns": 42, "exact": true, "path": "/home/ubuntu/aspool-labs/dg03-20260927/monthly-2x/parts/1972-04-74b889daf48b4f2d8fdcd3cc2ced7175.parquet"}
{"name": "monthly_part_parity", "time": 1790512881.5064795, "factor": 2, "month": "1972-05", "rows": 46391, "columns": 42, "exact": true, "path": "/home/ubuntu/aspool-labs/dg03-20260927/monthly-2x/parts/1972-05-3598a342e2f74add8cc650d3ac6a4b54.parquet"}
{"name": "monthly_part_parity", "time": 1790512881.8548794, "factor": 2, "month": "1972-06", "rows": 43133, "columns": 42, "exact": true, "path": "/home/ubuntu/aspool-labs/dg03-20260927/monthly-2x/parts/1972-06-08d0548a1fd7433a98d0a4fe9ca0c9fc.parquet"}
{"name": "monthly_part_parity", "time": 1790512882.2412512, "factor": 2, "month": "1972-07", "rows": 48407, "columns": 42, "exact": true, "path": "/home/ubuntu/aspool-labs/dg03-20260927/monthly-2x/parts/1972-07-623ce72aba7143b4bd74d223f70a509c.parquet"}
{"name": "monthly_part_parity", "time": 1790512882.657715, "factor": 2, "month": "1972-08", "rows": 50989, "columns": 42, "exact": true, "path": "/home/ubuntu/aspool-labs/dg03-20260927/monthly-2x/parts/1972-08-8644f60b5cb74b6986f20482f4f6357f.parquet"}
{"name": "monthly_part_parity", "time": 1790512883.0176299, "factor": 2, "month": "1972-09", "rows": 44583, "columns": 42, "exact": true, "path": "/home/ubuntu/aspool-labs/dg03-20260927/monthly-2x/parts/1972-09-7bc11e0c3834403db3b397e6ae79493d.parquet"}
{"name": "monthly_part_parity", "time": 1790512883.3632226, "factor": 2, "month": "1972-10", "rows": 40346, "columns": 42, "exact": true, "path": "/home/ubuntu/aspool-labs/dg03-20260927/monthly-2x/parts/1972-10-84835fdb94a3401c8e296a11cb073295.parquet"}
{"name": "monthly_part_parity", "time": 1790512883.7853622, "factor": 2, "month": "1972-11", "rows": 49400, "columns": 42, "exact": true, "path": "/home/ubuntu/aspool-labs/dg03-20260927/monthly-2x/parts/1972-11-fa42bf09757c438eb16a4a74638551c2.parquet"}
{"name": "monthly_part_parity", "time": 1790512884.1551652, "factor": 2, "month": "1972-12", "rows": 46810, "columns": 42, "exact": true, "path": "/home/ubuntu/aspool-labs/dg03-20260927/monthly-2x/parts/1972-12-61871b0fcc2d4858902e334672a602b2.parquet"}
{"name": "monthly_part_parity", "time": 1790512884.5079443, "factor": 2, "month": "1973-01", "rows": 44547, "columns": 42, "exact": true, "path": "/home/ubuntu/aspool-labs/dg03-20260927/monthly-2x/parts/1973-01-cf66352897d6403bb62fa90f4c5c24a1.parquet"}
{"name": "monthly_part_parity", "time": 1790512884.8081112, "factor": 2, "month": "1973-02", "rows": 33593, "columns": 42, "exact": true, "path": "/home/ubuntu/aspool-labs/dg03-20260927/monthly-2x/parts/1973-02-229f28b8a51d47ac8536aefa80a8fd5e.parquet"}
{"name": "monthly_part_parity", "time": 1790512885.173443, "factor": 2, "month": "1973-03", "rows": 46932, "columns": 42, "exact": true, "path": "/home/ubuntu/aspool-labs/dg03-20260927/monthly-2x/parts/1973-03-b706b879fcf14fecbd9534aee9be09e9.parquet"}
{"name": "monthly_part_parity", "time": 1790512885.514701, "factor": 2, "month": "1973-04", "rows": 40172, "columns": 42, "exact": true, "path": "/home/ubuntu/aspool-labs/dg03-20260927/monthly-2x/parts/1973-04-d4cc572e0cd04a86b28c1653851b833c.parquet"}
{"name": "monthly_part_parity", "time": 1790512885.9080272, "factor": 2, "month": "1973-05", "rows": 49084, "columns": 42, "exact": true, "path": "/home/ubuntu/aspool-labs/dg03-20260927/monthly-2x/parts/1973-05-053e6610fa954ac78199863daecbfeca.parquet"}
{"name": "monthly_part_parity", "time": 1790512886.2466643, "factor": 2, "month": "1973-06", "rows": 37741, "columns": 42, "exact": true, "path": "/home/ubuntu/aspool-labs/dg03-20260927/monthly-2x/parts/1973-06-cbce727fecee4a53877fb30d285e0663.parquet"}
{"name": "monthly_part_parity", "time": 1790512886.6471646, "factor": 2, "month": "1973-07", "rows": 51003, "columns": 42, "exact": true, "path": "/home/ubuntu/aspool-labs/dg03-20260927/monthly-2x/parts/1973-07-fafeb0768f6248aeb1eb6204bf30370c.parquet"}
{"name": "monthly_part_parity", "time": 1790512887.0709724, "factor": 2, "month": "1973-08", "rows": 48719, "columns": 42, "exact": true, "path": "/home/ubuntu/aspool-labs/dg03-20260927/monthly-2x/parts/1973-08-0c547c02fafc4a859bf3d531bc1b63ea.parquet"}
{"name": "monthly_part_parity", "time": 1790512887.4223492, "factor": 2, "month": "1973-09", "rows": 42173, "columns": 42, "exact": true, "path": "/home/ubuntu/aspool-labs/dg03-20260927/monthly-2x/parts/1973-09-e77b3976848d48fea14760756cfbd4dd.parquet"}
{"name": "monthly_part_parity", "time": 1790512887.7424183, "factor": 2, "month": "1973-10", "rows": 39999, "columns": 42, "exact": true, "path": "/home/ubuntu/aspool-labs/dg03-20260927/monthly-2x/parts/1973-10-aaf005eb3b53440c800e2d2ce75d6490.parquet"}
{"name": "monthly_part_parity", "time": 1790512888.1168818, "factor": 2, "month": "1973-11", "rows": 46497, "columns": 42, "exact": true, "path": "/home/ubuntu/aspool-labs/dg03-20260927/monthly-2x/parts/1973-11-ee83803297884dbcabd2ec9fcb1fb623.parquet"}
{"name": "monthly_part_parity", "time": 1790512888.5100422, "factor": 2, "month": "1973-12", "rows": 48677, "columns": 42, "exact": true, "path": "/home/ubuntu/aspool-labs/dg03-20260927/monthly-2x/parts/1973-12-7ed4005dc2204424a8ae31b72c1da4dc.parquet"}
{"name": "monthly_part_parity", "time": 1790512888.878522, "factor": 2, "month": "1974-01", "rows": 46761, "columns": 42, "exact": true, "path": "/home/ubuntu/aspool-labs/dg03-20260927/monthly-2x/parts/1974-01-2e5f9a9bb5e74bf6889b42bdd69f8f27.parquet"}
{"name": "monthly_part_parity", "time": 1790512889.195113, "factor": 2, "month": "1974-02", "rows": 35899, "columns": 42, "exact": true, "path": "/home/ubuntu/aspool-labs/dg03-20260927/monthly-2x/parts/1974-02-1ffeab0a404a4448848ef24d98853357.parquet"}
{"name": "monthly_part_parity", "time": 1790512889.5787106, "factor": 2, "month": "1974-03", "rows": 46996, "columns": 42, "exact": true, "path": "/home/ubuntu/aspool-labs/dg03-20260927/monthly-2x/parts/1974-03-2bf145590fe345e883577eefdb9c0f68.parquet"}
{"name": "monthly_part_parity", "time": 1790512889.9424052, "factor": 2, "month": "1974-04", "rows": 46171, "columns": 42, "exact": true, "path": "/home/ubuntu/aspool-labs/dg03-20260927/monthly-2x/parts/1974-04-026325eb53894559afe14bf3adc48f5c.parquet"}
{"name": "monthly_part_parity", "time": 1790512890.29468, "factor": 2, "month": "1974-05", "rows": 43615, "columns": 42, "exact": true, "path": "/home/ubuntu/aspool-labs/dg03-20260927/monthly-2x/parts/1974-05-19a7786b985545a98268924ca8f28e5f.parquet"}
{"name": "monthly_part_parity", "time": 1790512890.6375978, "factor": 2, "month": "1974-06", "rows": 43489, "columns": 42, "exact": true, "path": "/home/ubuntu/aspool-labs/dg03-20260927/monthly-2x/parts/1974-06-fb7435748d7b41d29edf76d6c9057605.parquet"}
{"name": "monthly_part_parity", "time": 1790512891.043657, "factor": 2, "month": "1974-07", "rows": 50110, "columns": 42, "exact": true, "path": "/home/ubuntu/aspool-labs/dg03-20260927/monthly-2x/parts/1974-07-9522751211b0439893bccd262cb560cd.parquet"}
{"name": "monthly_part_parity", "time": 1790512891.4060566, "factor": 2, "month": "1974-08", "rows": 46161, "columns": 42, "exact": true, "path": "/home/ubuntu/aspool-labs/dg03-20260927/monthly-2x/parts/1974-08-7ed93d15aaba4760a13c3f188614f6f2.parquet"}
{"name": "monthly_part_parity", "time": 1790512891.778688, "factor": 2, "month": "1974-09", "rows": 46200, "columns": 42, "exact": true, "path": "/home/ubuntu/aspool-labs/dg03-20260927/monthly-2x/parts/1974-09-349b049c4e484be5907606da044ff5d9.parquet"}
{"name": "monthly_part_parity", "time": 1790512892.1167376, "factor": 2, "month": "1974-10", "rows": 39788, "columns": 42, "exact": true, "path": "/home/ubuntu/aspool-labs/dg03-20260927/monthly-2x/parts/1974-10-21f1d66bbc014b6f95019b88277a3013.parquet"}
{"name": "monthly_part_parity", "time": 1790512892.4972575, "factor": 2, "month": "1974-11", "rows": 44449, "columns": 42, "exact": true, "path": "/home/ubuntu/aspool-labs/dg03-20260927/monthly-2x/parts/1974-11-c7440234275d4733aa2b5cbd2cd3fdce.parquet"}
{"name": "monthly_part_parity", "time": 1790512892.9150655, "factor": 2, "month": "1974-12", "rows": 51101, "columns": 42, "exact": true, "path": "/home/ubuntu/aspool-labs/dg03-20260927/monthly-2x/parts/1974-12-eeb467ca1e9d45c4ae2dc585dc0c0bce.parquet"}
{"name": "monthly_part_parity", "time": 1790512893.284662, "factor": 2, "month": "1975-01", "rows": 44871, "columns": 42, "exact": true, "path": "/home/ubuntu/aspool-labs/dg03-20260927/monthly-2x/parts/1975-01-961282efdf3446ea9aa8ecb547dad7a8.parquet"}
{"name": "monthly_part_parity", "time": 1790512893.576354, "factor": 2, "month": "1975-02", "rows": 33999, "columns": 42, "exact": true, "path": "/home/ubuntu/aspool-labs/dg03-20260927/monthly-2x/parts/1975-02-41d0c19413064468872779d9851e0877.parquet"}
{"name": "monthly_part_parity", "time": 1790512893.9840908, "factor": 2, "month": "1975-03", "rows": 49725, "columns": 42, "exact": true, "path": "/home/ubuntu/aspool-labs/dg03-20260927/monthly-2x/parts/1975-03-7d5aae6175b74d79b54cb4f464930a08.parquet"}
{"name": "monthly_part_parity", "time": 1790512894.4044137, "factor": 2, "month": "1975-04", "rows": 47165, "columns": 42, "exact": true, "path": "/home/ubuntu/aspool-labs/dg03-20260927/monthly-2x/parts/1975-04-3ad731d740684aaca3f32361a2071840.parquet"}
{"name": "monthly_part_parity", "time": 1790512894.7855904, "factor": 2, "month": "1975-05", "rows": 45099, "columns": 42, "exact": true, "path": "/home/ubuntu/aspool-labs/dg03-20260927/monthly-2x/parts/1975-05-9e526c7e1a814841b9e2a120f9e508db.parquet"}
{"name": "monthly_part_parity", "time": 1790512895.1658335, "factor": 2, "month": "1975-06", "rows": 47017, "columns": 42, "exact": true, "path": "/home/ubuntu/aspool-labs/dg03-20260927/monthly-2x/parts/1975-06-a132cd2f72d241adbfa25e06997bb081.parquet"}
{"name": "monthly_part_parity", "time": 1790512895.588684, "factor": 2, "month": "1975-07", "rows": 46998, "columns": 42, "exact": true, "path": "/home/ubuntu/aspool-labs/dg03-20260927/monthly-2x/parts/1975-07-5bfd9337fd7444218c7a2b3463f5d32d.parquet"}
{"name": "monthly_part_parity", "time": 1790512895.9577725, "factor": 2, "month": "1975-08", "rows": 46611, "columns": 42, "exact": true, "path": "/home/ubuntu/aspool-labs/dg03-20260927/monthly-2x/parts/1975-08-57b9b21e51c0403d9577624f1f4b294d.parquet"}
{"name": "monthly_part_parity", "time": 1790512896.3495321, "factor": 2, "month": "1975-09", "rows": 45222, "columns": 42, "exact": true, "path": "/home/ubuntu/aspool-labs/dg03-20260927/monthly-2x/parts/1975-09-bc278896632c47d2b5813dd08231bb8c.parquet"}
{"name": "monthly_part_parity", "time": 1790512896.729956, "factor": 2, "month": "1975-10", "rows": 38777, "columns": 42, "exact": true, "path": "/home/ubuntu/aspool-labs/dg03-20260927/monthly-2x/parts/1975-10-87a4f85050034e79bd75f24b2c50285a.parquet"}
{"name": "monthly_part_parity", "time": 1790512897.147478, "factor": 2, "month": "1975-11", "rows": 49446, "columns": 42, "exact": true, "path": "/home/ubuntu/aspool-labs/dg03-20260927/monthly-2x/parts/1975-11-3d089e8283984691b2c4b3b47d5e66e3.parquet"}
{"name": "monthly_part_parity", "time": 1790512897.5983868, "factor": 2, "month": "1975-12", "rows": 55814, "columns": 42, "exact": true, "path": "/home/ubuntu/aspool-labs/dg03-20260927/monthly-2x/parts/1975-12-9fd19f16f7d4416aa232a18e208e94c0.parquet"}
{"name": "monthly_part_parity", "time": 1790512897.9960773, "factor": 2, "month": "1976-01", "rows": 49492, "columns": 42, "exact": true, "path": "/home/ubuntu/aspool-labs/dg03-20260927/monthly-2x/parts/1976-01-317bb90660654a98bac60694a02d9175.parquet"}
{"name": "monthly_part_parity", "time": 1790512898.314339, "factor": 2, "month": "1976-02", "rows": 39573, "columns": 42, "exact": true, "path": "/home/ubuntu/aspool-labs/dg03-20260927/monthly-2x/parts/1976-02-408524924d8a43249d32d75c17ec3e51.parquet"}
{"name": "monthly_part_parity", "time": 1790512898.7653916, "factor": 2, "month": "1976-03", "rows": 56754, "columns": 42, "exact": true, "path": "/home/ubuntu/aspool-labs/dg03-20260927/monthly-2x/parts/1976-03-cfc0f949a90e4de2875040d0fc09ab7f.parquet"}
{"name": "monthly_part_parity", "time": 1790512899.163093, "factor": 2, "month": "1976-04", "rows": 48734, "columns": 42, "exact": true, "path": "/home/ubuntu/aspool-labs/dg03-20260927/monthly-2x/parts/1976-04-a7ed5625024a4977a85c45233c002623.parquet"}
{"name": "monthly_part_parity", "time": 1790512899.565116, "factor": 2, "month": "1976-05", "rows": 51700, "columns": 42, "exact": true, "path": "/home/ubuntu/aspool-labs/dg03-20260927/monthly-2x/parts/1976-05-28d93dd513a8401b912bd9e4092b60aa.parquet"}
{"name": "monthly_part_parity", "time": 1790512899.9751422, "factor": 2, "month": "1976-06", "rows": 49708, "columns": 42, "exact": true, "path": "/home/ubuntu/aspool-labs/dg03-20260927/monthly-2x/parts/1976-06-e273684fc4e9417482f5490535099fa9.parquet"}
{"name": "monthly_part_parity", "time": 1790512900.4381049, "factor": 2, "month": "1976-07", "rows": 53122, "columns": 42, "exact": true, "path": "/home/ubuntu/aspool-labs/dg03-20260927/monthly-2x/parts/1976-07-0ce7db2faed1416d8129f566e48d735e.parquet"}
{"name": "monthly_part_parity", "time": 1790512900.9329007, "factor": 2, "month": "1976-08", "rows": 59500, "columns": 42, "exact": true, "path": "/home/ubuntu/aspool-labs/dg03-20260927/monthly-2x/parts/1976-08-acc08ddef9ca4b708404b40286ce1074.parquet"}
{"name": "monthly_part_parity", "time": 1790512901.357266, "factor": 2, "month": "1976-09", "rows": 52108, "columns": 42, "exact": true, "path": "/home/ubuntu/aspool-labs/dg03-20260927/monthly-2x/parts/1976-09-32152ae86c534f97ad5f0c3f20dbc40c.parquet"}
{"name": "monthly_part_parity", "time": 1790512901.7035377, "factor": 2, "month": "1976-10", "rows": 42328, "columns": 42, "exact": true, "path": "/home/ubuntu/aspool-labs/dg03-20260927/monthly-2x/parts/1976-10-37204964392b4c059a65e4ac953f3455.parquet"}
{"name": "monthly_part_parity", "time": 1790512902.189293, "factor": 2, "month": "1976-11", "rows": 58922, "columns": 42, "exact": true, "path": "/home/ubuntu/aspool-labs/dg03-20260927/monthly-2x/parts/1976-11-8ffb2ce3ab014f00a825a0265b9c127a.parquet"}
{"name": "monthly_part_parity", "time": 1790512902.6948462, "factor": 2, "month": "1976-12", "rows": 59907, "columns": 42, "exact": true, "path": "/home/ubuntu/aspool-labs/dg03-20260927/monthly-2x/parts/1976-12-d1ac8d061b404759885ff0959c24bd19.parquet"}
{"name": "monthly_part_parity", "time": 1790512903.1014667, "factor": 2, "month": "1977-01", "rows": 50082, "columns": 42, "exact": true, "path": "/home/ubuntu/aspool-labs/dg03-20260927/monthly-2x/parts/1977-01-191a5d609a87400b99227f299bcb259e.parquet"}
{"name": "monthly_part_parity", "time": 1790512903.5052109, "factor": 2, "month": "1977-02", "rows": 50820, "columns": 42, "exact": true, "path": "/home/ubuntu/aspool-labs/dg03-20260927/monthly-2x/parts/1977-02-00b839967c3e48eca404a5d4bc0da3a4.parquet"}
{"name": "monthly_part_parity", "time": 1790512904.084358, "factor": 2, "month": "1977-03", "rows": 65622, "columns": 42, "exact": true, "path": "/home/ubuntu/aspool-labs/dg03-20260927/monthly-2x/parts/1977-03-dfcfc836ed0d48f7ad903fef331e0686.parquet"}
{"name": "monthly_part_parity", "time": 1790512904.5136802, "factor": 2, "month": "1977-04", "rows": 51962, "columns": 42, "exact": true, "path": "/home/ubuntu/aspool-labs/dg03-20260927/monthly-2x/parts/1977-04-48b629e90c3b48b7b0ecae17e06271af.parquet"}
{"name": "monthly_part_parity", "time": 1790512905.02709, "factor": 2, "month": "1977-05", "rows": 58340, "columns": 42, "exact": true, "path": "/home/ubuntu/aspool-labs/dg03-20260927/monthly-2x/parts/1977-05-e91ea1ecc1a6466facc4718aea10bd9a.parquet"}
{"name": "monthly_part_parity", "time": 1790512905.5558543, "factor": 2, "month": "1977-06", "rows": 64840, "columns": 42, "exact": true, "path": "/home/ubuntu/aspool-labs/dg03-20260927/monthly-2x/parts/1977-06-43b49573cdc2494fa7d13b60be1504cd.parquet"}
{"name": "monthly_part_parity", "time": 1790512906.1012444, "factor": 2, "month": "1977-07", "rows": 62517, "columns": 42, "exact": true, "path": "/home/ubuntu/aspool-labs/dg03-20260927/monthly-2x/parts/1977-07-83a182f3cd484b29a8a6b2c6d2f1178f.parquet"}
{"name": "monthly_part_parity", "time": 1790512906.7010038, "factor": 2, "month": "1977-08", "rows": 69884, "columns": 42, "exact": true, "path": "/home/ubuntu/aspool-labs/dg03-20260927/monthly-2x/parts/1977-08-95b744c13f1e4de0bcc2b61d52e6dd48.parquet"}
{"name": "monthly_part_parity", "time": 1790512907.2385027, "factor": 2, "month": "1977-09", "rows": 65021, "columns": 42, "exact": true, "path": "/home/ubuntu/aspool-labs/dg03-20260927/monthly-2x/parts/1977-09-46605a2504124ce19a07ea67b2e8675c.parquet"}
{"name": "monthly_part_parity", "time": 1790512907.6583362, "factor": 2, "month": "1977-10", "rows": 53402, "columns": 42, "exact": true, "path": "/home/ubuntu/aspool-labs/dg03-20260927/monthly-2x/parts/1977-10-aaf35100b8984d39b1283ec65d0a8cbb.parquet"}
{"name": "monthly_part_parity", "time": 1790512908.228483, "factor": 2, "month": "1977-11", "rows": 69978, "columns": 42, "exact": true, "path": "/home/ubuntu/aspool-labs/dg03-20260927/monthly-2x/parts/1977-11-c0f4bb14c3804bfab1df358685a78f84.parquet"}
{"name": "monthly_part_parity", "time": 1790512908.782091, "factor": 2, "month": "1977-12", "rows": 66863, "columns": 42, "exact": true, "path": "/home/ubuntu/aspool-labs/dg03-20260927/monthly-2x/parts/1977-12-f149a5855bdf4f5d844dbed71c69a086.parquet"}
{"name": "monthly_part_parity", "time": 1790512909.3608441, "factor": 2, "month": "1978-01", "rows": 70696, "columns": 42, "exact": true, "path": "/home/ubuntu/aspool-labs/dg03-20260927/monthly-2x/parts/1978-01-e951becabc794afa9cb43143dd3b5780.parquet"}
{"name": "monthly_part_parity", "time": 1790512909.7266822, "factor": 2, "month": "1978-02", "rows": 47447, "columns": 42, "exact": true, "path": "/home/ubuntu/aspool-labs/dg03-20260927/monthly-2x/parts/1978-02-526ad44d7fb24ce7835adf9b78ab7419.parquet"}
{"name": "monthly_part_parity", "time": 1790512910.3203397, "factor": 2, "month": "1978-03", "rows": 70435, "columns": 42, "exact": true, "path": "/home/ubuntu/aspool-labs/dg03-20260927/monthly-2x/parts/1978-03-49f37cfb2cb74ab5bb502a83fad1ec72.parquet"}
{"name": "monthly_part_parity", "time": 1790512910.7429323, "factor": 2, "month": "1978-04", "rows": 57901, "columns": 42, "exact": true, "path": "/home/ubuntu/aspool-labs/dg03-20260927/monthly-2x/parts/1978-04-25a1a5f526394c91981302622f16b0e5.parquet"}
{"name": "monthly_part_parity", "time": 1790512911.3406146, "factor": 2, "month": "1978-05", "rows": 71487, "columns": 42, "exact": true, "path": "/home/ubuntu/aspool-labs/dg03-20260927/monthly-2x/parts/1978-05-dc27f8abeb1f4e54ae7290b98559d1ff.parquet"}
{"name": "monthly_part_parity", "time": 1790512911.8988197, "factor": 2, "month": "1978-06", "rows": 65330, "columns": 42, "exact": true, "path": "/home/ubuntu/aspool-labs/dg03-20260927/monthly-2x/parts/1978-06-32073c8b475d4355bb5b09e4608504d0.parquet"}
{"name": "monthly_part_parity", "time": 1790512912.5156531, "factor": 2, "month": "1978-07", "rows": 73196, "columns": 42, "exact": true, "path": "/home/ubuntu/aspool-labs/dg03-20260927/monthly-2x/parts/1978-07-74e3b9af58054093942d4b982320545b.parquet"}
{"name": "monthly_part_parity", "time": 1790512913.20028, "factor": 2, "month": "1978-08", "rows": 77563, "columns": 42, "exact": true, "path": "/home/ubuntu/aspool-labs/dg03-20260927/monthly-2x/parts/1978-08-99dbeed1152140a9a006cd7ef6a3dfda.parquet"}
{"name": "monthly_part_parity", "time": 1790512913.779049, "factor": 2, "month": "1978-09", "rows": 64603, "columns": 42, "exact": true, "path": "/home/ubuntu/aspool-labs/dg03-20260927/monthly-2x/parts/1978-09-8bf2c0f0c8744665bea10b7f20f1747e.parquet"}
{"name": "monthly_part_parity", "time": 1790512914.3233986, "factor": 2, "month": "1978-10", "rows": 61716, "columns": 42, "exact": true, "path": "/home/ubuntu/aspool-labs/dg03-20260927/monthly-2x/parts/1978-10-4a014aac9c6040d1b897f4eedfcef2ee.parquet"}
{"name": "monthly_part_parity", "time": 1790512914.970161, "factor": 2, "month": "1978-11", "rows": 76048, "columns": 42, "exact": true, "path": "/home/ubuntu/aspool-labs/dg03-20260927/monthly-2x/parts/1978-11-1ba9d5c091de4c62b7bc67462c908d59.parquet"}
{"name": "monthly_part_parity", "time": 1790512915.5666192, "factor": 2, "month": "1978-12", "rows": 69760, "columns": 42, "exact": true, "path": "/home/ubuntu/aspool-labs/dg03-20260927/monthly-2x/parts/1978-12-52e664b43dd94e07a9ffed53f773ef8d.parquet"}
{"name": "monthly_part_parity", "time": 1790512916.2454898, "factor": 2, "month": "1979-01", "rows": 77160, "columns": 42, "exact": true, "path": "/home/ubuntu/aspool-labs/dg03-20260927/monthly-2x/parts/1979-01-e5d636c2647243dcac1ce08627825bc4.parquet"}
{"name": "monthly_part_parity", "time": 1790512916.6669195, "factor": 2, "month": "1979-02", "rows": 52840, "columns": 42, "exact": true, "path": "/home/ubuntu/aspool-labs/dg03-20260927/monthly-2x/parts/1979-02-1563fa05f6ff42bb90eb0fbb57d3c124.parquet"}
{"name": "monthly_part_parity", "time": 1790512917.310885, "factor": 2, "month": "1979-03", "rows": 74051, "columns": 42, "exact": true, "path": "/home/ubuntu/aspool-labs/dg03-20260927/monthly-2x/parts/1979-03-975eecf5398040f181f1339d7ba489f3.parquet"}
{"name": "monthly_part_parity", "time": 1790512917.9568217, "factor": 2, "month": "1979-04", "rows": 74275, "columns": 42, "exact": true, "path": "/home/ubuntu/aspool-labs/dg03-20260927/monthly-2x/parts/1979-04-65af7f9d89ff45b7bd929aacfd30b7d0.parquet"}
{"name": "monthly_part_parity", "time": 1790512918.5558438, "factor": 2, "month": "1979-05", "rows": 71147, "columns": 42, "exact": true, "path": "/home/ubuntu/aspool-labs/dg03-20260927/monthly-2x/parts/1979-05-6d204c6ce2f44bdb95893a18d72df6c7.parquet"}
{"name": "monthly_part_parity", "time": 1790512919.1319792, "factor": 2, "month": "1979-06", "rows": 67790, "columns": 42, "exact": true, "path": "/home/ubuntu/aspool-labs/dg03-20260927/monthly-2x/parts/1979-06-0f4bd8f7a8124607b76ce825dd6d4f59.parquet"}
{"name": "monthly_part_parity", "time": 1790512919.826356, "factor": 2, "month": "1979-07", "rows": 82841, "columns": 42, "exact": true, "path": "/home/ubuntu/aspool-labs/dg03-20260927/monthly-2x/parts/1979-07-9934ea5b122a4ff18632b7d5c1f4ba0e.parquet"}
{"name": "monthly_part_parity", "time": 1790512920.5149395, "factor": 2, "month": "1979-08", "rows": 80047, "columns": 42, "exact": true, "path": "/home/ubuntu/aspool-labs/dg03-20260927/monthly-2x/parts/1979-08-634e4f0ae41542a39ac51a8a5e7da816.parquet"}
{"name": "monthly_part_parity", "time": 1790512921.1411135, "factor": 2, "month": "1979-09", "rows": 73104, "columns": 42, "exact": true, "path": "/home/ubuntu/aspool-labs/dg03-20260927/monthly-2x/parts/1979-09-5041496e9cff4fd5a4c21ad14ff442e7.parquet"}
{"name": "monthly_part_parity", "time": 1790512921.7219768, "factor": 2, "month": "1979-10", "rows": 66061, "columns": 42, "exact": true, "path": "/home/ubuntu/aspool-labs/dg03-20260927/monthly-2x/parts/1979-10-eb6b11d4fa3944d38e4a6bb583b66591.parquet"}
{"name": "monthly_part_parity", "time": 1790512922.385644, "factor": 2, "month": "1979-11", "rows": 77906, "columns": 42, "exact": true, "path": "/home/ubuntu/aspool-labs/dg03-20260927/monthly-2x/parts/1979-11-84d5a26b1d6e450dbe45e5e7949c61db.parquet"}
{"name": "monthly_part_parity", "time": 1790512923.0772777, "factor": 2, "month": "1979-12", "rows": 82381, "columns": 42, "exact": true, "path": "/home/ubuntu/aspool-labs/dg03-20260927/monthly-2x/parts/1979-12-f46dd25dcf0e4b64a868e77610d5dffe.parquet"}
{"name": "monthly_part_parity", "time": 1790512923.6181207, "factor": 2, "month": "1980-01", "rows": 60431, "columns": 42, "exact": true, "path": "/home/ubuntu/aspool-labs/dg03-20260927/monthly-2x/parts/1980-01-b7cdb6b4abfd4903b6fffd4e75a8d718.parquet"}
{"name": "monthly_part_parity", "time": 1790512924.237607, "factor": 2, "month": "1980-02", "rows": 76344, "columns": 42, "exact": true, "path": "/home/ubuntu/aspool-labs/dg03-20260927/monthly-2x/parts/1980-02-09dbdf4757c44901a547b80d6a93aa87.parquet"}
{"name": "monthly_part_parity", "time": 1790512924.9651446, "factor": 2, "month": "1980-03", "rows": 84443, "columns": 42, "exact": true, "path": "/home/ubuntu/aspool-labs/dg03-20260927/monthly-2x/parts/1980-03-ed5f32c740174c1fa27cb57a9257148d.parquet"}
{"name": "monthly_part_parity", "time": 1790512925.646279, "factor": 2, "month": "1980-04", "rows": 81102, "columns": 42, "exact": true, "path": "/home/ubuntu/aspool-labs/dg03-20260927/monthly-2x/parts/1980-04-8be6c73673574a66940c890eb39fb4c2.parquet"}
{"name": "monthly_part_parity", "time": 1790512926.2507648, "factor": 2, "month": "1980-05", "rows": 70012, "columns": 42, "exact": true, "path": "/home/ubuntu/aspool-labs/dg03-20260927/monthly-2x/parts/1980-05-ba3c394c9f8840ccb024ac631fee10ca.parquet"}
{"name": "monthly_part_parity", "time": 1790512926.9572234, "factor": 2, "month": "1980-06", "rows": 78329, "columns": 42, "exact": true, "path": "/home/ubuntu/aspool-labs/dg03-20260927/monthly-2x/parts/1980-06-4796266bc3ff4b43bde8716c5178a48c.parquet"}
{"name": "monthly_part_parity", "time": 1790512927.7314408, "factor": 2, "month": "1980-07", "rows": 91176, "columns": 42, "exact": true, "path": "/home/ubuntu/aspool-labs/dg03-20260927/monthly-2x/parts/1980-07-b72cc39208ef41449c7b09903b9fa288.parquet"}
{"name": "monthly_part_parity", "time": 1790512928.4494061, "factor": 2, "month": "1980-08", "rows": 84975, "columns": 42, "exact": true, "path": "/home/ubuntu/aspool-labs/dg03-20260927/monthly-2x/parts/1980-08-e212397839cf46ebb143b9753838a339.parquet"}
{"name": "monthly_part_parity", "time": 1790512929.2131124, "factor": 2, "month": "1980-09", "rows": 90538, "columns": 42, "exact": true, "path": "/home/ubuntu/aspool-labs/dg03-20260927/monthly-2x/parts/1980-09-5c369208ba6a460db0e9cabdb96eba92.parquet"}
{"name": "monthly_part_parity", "time": 1790512929.7795663, "factor": 2, "month": "1980-10", "rows": 66763, "columns": 42, "exact": true, "path": "/home/ubuntu/aspool-labs/dg03-20260927/monthly-2x/parts/1980-10-1d193db7d7c641ebb46fa1f7182322e7.parquet"}
{"name": "monthly_part_parity", "time": 1790512930.5303693, "factor": 2, "month": "1980-11", "rows": 88393, "columns": 42, "exact": true, "path": "/home/ubuntu/aspool-labs/dg03-20260927/monthly-2x/parts/1980-11-a57cfb9d2b95498f8d51f02df920313f.parquet"}
{"name": "monthly_part_parity", "time": 1790512931.3544476, "factor": 2, "month": "1980-12", "rows": 97797, "columns": 42, "exact": true, "path": "/home/ubuntu/aspool-labs/dg03-20260927/monthly-2x/parts/1980-12-9dc41e4521e5433e9e07f6146bb72c2a.parquet"}
{"name": "monthly_part_parity", "time": 1790512932.0588021, "factor": 2, "month": "1981-01", "rows": 86227, "columns": 42, "exact": true, "path": "/home/ubuntu/aspool-labs/dg03-20260927/monthly-2x/parts/1981-01-36fd2c6fa05f40cba21758e9c0cf7c84.parquet"}
{"name": "monthly_part_parity", "time": 1790512932.6078122, "factor": 2, "month": "1981-02", "rows": 65451, "columns": 42, "exact": true, "path": "/home/ubuntu/aspool-labs/dg03-20260927/monthly-2x/parts/1981-02-4a89a233df304f4590b5616bce61ca0e.parquet"}
{"name": "monthly_part_parity", "time": 1790512933.4377294, "factor": 2, "month": "1981-03", "rows": 101859, "columns": 42, "exact": true, "path": "/home/ubuntu/aspool-labs/dg03-20260927/monthly-2x/parts/1981-03-90eddf06104e4ac088a73ca593a014a8.parquet"}
{"name": "monthly_part_parity", "time": 1790512934.2230878, "factor": 2, "month": "1981-04", "rows": 94502, "columns": 42, "exact": true, "path": "/home/ubuntu/aspool-labs/dg03-20260927/monthly-2x/parts/1981-04-510ba5b910f9460db12af1e41239a566.parquet"}
{"name": "monthly_part_parity", "time": 1790512934.9228437, "factor": 2, "month": "1981-05", "rows": 82119, "columns": 42, "exact": true, "path": "/home/ubuntu/aspool-labs/dg03-20260927/monthly-2x/parts/1981-05-46d6930473f74df6bf7b5099b5a4ec39.parquet"}
{"name": "monthly_part_parity", "time": 1790512935.7234058, "factor": 2, "month": "1981-06", "rows": 97173, "columns": 42, "exact": true, "path": "/home/ubuntu/aspool-labs/dg03-20260927/monthly-2x/parts/1981-06-8b93084c702c4403b779628ecf2695ad.parquet"}
{"name": "monthly_part_parity", "time": 1790512936.5454607, "factor": 2, "month": "1981-07", "rows": 103782, "columns": 42, "exact": true, "path": "/home/ubuntu/aspool-labs/dg03-20260927/monthly-2x/parts/1981-07-5098b891fe3f47638a138cbbb57821c4.parquet"}
{"name": "monthly_part_parity", "time": 1790512937.3743348, "factor": 2, "month": "1981-08", "rows": 105590, "columns": 42, "exact": true, "path": "/home/ubuntu/aspool-labs/dg03-20260927/monthly-2x/parts/1981-08-1bdcd951acd840e08d42b1a32f2688c2.parquet"}
{"name": "monthly_part_parity", "time": 1790512938.260651, "factor": 2, "month": "1981-09", "rows": 97177, "columns": 42, "exact": true, "path": "/home/ubuntu/aspool-labs/dg03-20260927/monthly-2x/parts/1981-09-d568afc189d34f59aae7e9fb909a3365.parquet"}
{"name": "monthly_part_parity", "time": 1790512939.1202457, "factor": 2, "month": "1981-10", "rows": 78558, "columns": 42, "exact": true, "path": "/home/ubuntu/aspool-labs/dg03-20260927/monthly-2x/parts/1981-10-158f5f82467b425e9f6cd22b22586cf7.parquet"}
{"name": "monthly_part_parity", "time": 1790512940.2617335, "factor": 2, "month": "1981-11", "rows": 109336, "columns": 42, "exact": true, "path": "/home/ubuntu/aspool-labs/dg03-20260927/monthly-2x/parts/1981-11-f14b0584511545b79ea0364a6215384f.parquet"}
{"name": "monthly_part_parity", "time": 1790512941.440171, "factor": 2, "month": "1981-12", "rows": 115759, "columns": 42, "exact": true, "path": "/home/ubuntu/aspool-labs/dg03-20260927/monthly-2x/parts/1981-12-dc9afeb188524b849aeae03f198d6a51.parquet"}
{"name": "monthly_part_parity", "time": 1790512942.4161289, "factor": 2, "month": "1982-01", "rows": 96806, "columns": 42, "exact": true, "path": "/home/ubuntu/aspool-labs/dg03-20260927/monthly-2x/parts/1982-01-0a32e9af9bc34a8c8641df9f68769dc3.parquet"}
{"name": "monthly_part_parity", "time": 1790512943.2658954, "factor": 2, "month": "1982-02", "rows": 82240, "columns": 42, "exact": true, "path": "/home/ubuntu/aspool-labs/dg03-20260927/monthly-2x/parts/1982-02-0df92042703a4456ab54291d173ff95f.parquet"}
{"name": "monthly_part_parity", "time": 1790512944.5234737, "factor": 2, "month": "1982-03", "rows": 119063, "columns": 42, "exact": true, "path": "/home/ubuntu/aspool-labs/dg03-20260927/monthly-2x/parts/1982-03-21a4a57338574406b187eabcf4cb5221.parquet"}
{"name": "monthly_part_parity", "time": 1790512945.5756621, "factor": 2, "month": "1982-04", "rows": 99100, "columns": 42, "exact": true, "path": "/home/ubuntu/aspool-labs/dg03-20260927/monthly-2x/parts/1982-04-caaf87e48186426d80478cfd3b8e05a2.parquet"}
{"name": "monthly_part_parity", "time": 1790512946.614284, "factor": 2, "month": "1982-05", "rows": 99715, "columns": 42, "exact": true, "path": "/home/ubuntu/aspool-labs/dg03-20260927/monthly-2x/parts/1982-05-7136d516272d4756bc3625e8d1f5ee01.parquet"}
{"name": "monthly_part_parity", "time": 1790512947.7879052, "factor": 2, "month": "1982-06", "rows": 110994, "columns": 42, "exact": true, "path": "/home/ubuntu/aspool-labs/dg03-20260927/monthly-2x/parts/1982-06-1280491824ba47999561671467abfd69.parquet"}
{"name": "monthly_part_parity", "time": 1790512948.962739, "factor": 2, "month": "1982-07", "rows": 111961, "columns": 42, "exact": true, "path": "/home/ubuntu/aspool-labs/dg03-20260927/monthly-2x/parts/1982-07-5259d91c8e6a4ae595c718acfcb0a981.parquet"}
{"name": "monthly_part_parity", "time": 1790512950.213544, "factor": 2, "month": "1982-08", "rows": 124049, "columns": 42, "exact": true, "path": "/home/ubuntu/aspool-labs/dg03-20260927/monthly-2x/parts/1982-08-d664d80e2cc64dad979cd5bb1ec7b02e.parquet"}
{"name": "monthly_part_parity", "time": 1790512951.371836, "factor": 2, "month": "1982-09", "rows": 114466, "columns": 42, "exact": true, "path": "/home/ubuntu/aspool-labs/dg03-20260927/monthly-2x/parts/1982-09-f972cd9f339244a88ade955e98cfe568.parquet"}
{"name": "monthly_part_parity", "time": 1790512952.3145034, "factor": 2, "month": "1982-10", "rows": 87940, "columns": 42, "exact": true, "path": "/home/ubuntu/aspool-labs/dg03-20260927/monthly-2x/parts/1982-10-a630e240ffd54a1d82252e33ea7d72ea.parquet"}
{"name": "monthly_part_parity", "time": 1790512953.545387, "factor": 2, "month": "1982-11", "rows": 121917, "columns": 42, "exact": true, "path": "/home/ubuntu/aspool-labs/dg03-20260927/monthly-2x/parts/1982-11-2c21f6256b894e28a1da7ce5ae5b0614.parquet"}
{"name": "monthly_part_parity", "time": 1790512954.953504, "factor": 2, "month": "1982-12", "rows": 123104, "columns": 42, "exact": true, "path": "/home/ubuntu/aspool-labs/dg03-20260927/monthly-2x/parts/1982-12-9dd83ef665084c899fbb065553e67ed4.parquet"}
{"name": "monthly_part_parity", "time": 1790512955.9180627, "factor": 2, "month": "1983-01", "rows": 90271, "columns": 42, "exact": true, "path": "/home/ubuntu/aspool-labs/dg03-20260927/monthly-2x/parts/1983-01-8f49f531de2d406d951bad51a01d54e0.parquet"}
{"name": "monthly_part_parity", "time": 1790512957.1467524, "factor": 2, "month": "1983-02", "rows": 113371, "columns": 42, "exact": true, "path": "/home/ubuntu/aspool-labs/dg03-20260927/monthly-2x/parts/1983-02-66b00b0b268444a2a6f13ad3254c4a4f.parquet"}
{"name": "monthly_part_parity", "time": 1790512958.5862246, "factor": 2, "month": "1983-03", "rows": 131354, "columns": 42, "exact": true, "path": "/home/ubuntu/aspool-labs/dg03-20260927/monthly-2x/parts/1983-03-c55d64a6fd284edf9318e0a3d92a5e60.parquet"}
{"name": "monthly_part_parity", "time": 1790512959.7391253, "factor": 2, "month": "1983-04", "rows": 109399, "columns": 42, "exact": true, "path": "/home/ubuntu/aspool-labs/dg03-20260927/monthly-2x/parts/1983-04-d9ae4746cf36492fbe2ddd33e4416f4a.parquet"}
{"name": "monthly_part_parity", "time": 1790512961.056451, "factor": 2, "month": "1983-05", "rows": 115911, "columns": 42, "exact": true, "path": "/home/ubuntu/aspool-labs/dg03-20260927/monthly-2x/parts/1983-05-90936b7cd4dd43b3af2662efa0f26821.parquet"}
{"name": "monthly_part_parity", "time": 1790512962.2490652, "factor": 2, "month": "1983-06", "rows": 116734, "columns": 42, "exact": true, "path": "/home/ubuntu/aspool-labs/dg03-20260927/monthly-2x/parts/1983-06-db3a75390ea84971b6bda2b36204b45e.parquet"}
{"name": "monthly_part_parity", "time": 1790512963.5102062, "factor": 2, "month": "1983-07", "rows": 123772, "columns": 42, "exact": true, "path": "/home/ubuntu/aspool-labs/dg03-20260927/monthly-2x/parts/1983-07-d919b9d386f946698324ddc30f892c7a.parquet"}
{"name": "monthly_part_parity", "time": 1790512964.900851, "factor": 2, "month": "1983-08", "rows": 136699, "columns": 42, "exact": true, "path": "/home/ubuntu/aspool-labs/dg03-20260927/monthly-2x/parts/1983-08-2eee55734db146fc93a3c647498107c9.parquet"}
{"name": "monthly_part_parity", "time": 1790512966.1242263, "factor": 2, "month": "1983-09", "rows": 119718, "columns": 42, "exact": true, "path": "/home/ubuntu/aspool-labs/dg03-20260927/monthly-2x/parts/1983-09-c5269946777944c496bb94a323c73b76.parquet"}
{"name": "monthly_part_parity", "time": 1790512967.2132502, "factor": 2, "month": "1983-10", "rows": 102331, "columns": 42, "exact": true, "path": "/home/ubuntu/aspool-labs/dg03-20260927/monthly-2x/parts/1983-10-8cd9be2bf84048dcbf60ba6a8064213c.parquet"}
{"name": "monthly_part_parity", "time": 1790512968.582197, "factor": 2, "month": "1983-11", "rows": 133070, "columns": 42, "exact": true, "path": "/home/ubuntu/aspool-labs/dg03-20260927/monthly-2x/parts/1983-11-eeff70a243ba447682a4069ad915148d.parquet"}
{"name": "monthly_part_parity", "time": 1790512969.8773153, "factor": 2, "month": "1983-12", "rows": 127777, "columns": 42, "exact": true, "path": "/home/ubuntu/aspool-labs/dg03-20260927/monthly-2x/parts/1983-12-e166eba3183142a9b5bfac3ea7556f79.parquet"}
{"name": "monthly_part_parity", "time": 1790512971.2809641, "factor": 2, "month": "1984-01", "rows": 134630, "columns": 42, "exact": true, "path": "/home/ubuntu/aspool-labs/dg03-20260927/monthly-2x/parts/1984-01-43045b723e0a49fd85af9fa98b7be2fa.parquet"}
{"name": "monthly_part_parity", "time": 1790512972.2364507, "factor": 2, "month": "1984-02", "rows": 92110, "columns": 42, "exact": true, "path": "/home/ubuntu/aspool-labs/dg03-20260927/monthly-2x/parts/1984-02-f47a64c0f65a42d9b9d93d308a8c0e9f.parquet"}
{"name": "monthly_part_parity", "time": 1790512973.5802884, "factor": 2, "month": "1984-03", "rows": 129292, "columns": 42, "exact": true, "path": "/home/ubuntu/aspool-labs/dg03-20260927/monthly-2x/parts/1984-03-930b4d563a244df6b2bcdc3526490af9.parquet"}
{"name": "monthly_part_parity", "time": 1790512974.8440294, "factor": 2, "month": "1984-04", "rows": 123598, "columns": 42, "exact": true, "path": "/home/ubuntu/aspool-labs/dg03-20260927/monthly-2x/parts/1984-04-1039fb00c3914bc0a570b9c8c12a1724.parquet"}
{"name": "monthly_part_parity", "time": 1790512976.134636, "factor": 2, "month": "1984-05", "rows": 124105, "columns": 42, "exact": true, "path": "/home/ubuntu/aspool-labs/dg03-20260927/monthly-2x/parts/1984-05-916c1d2f48834958bb2138edb24663f8.parquet"}
{"name": "monthly_part_parity", "time": 1790512977.3766978, "factor": 2, "month": "1984-06", "rows": 118268, "columns": 42, "exact": true, "path": "/home/ubuntu/aspool-labs/dg03-20260927/monthly-2x/parts/1984-06-0ece52a85cae46b8a9be3079d14133ab.parquet"}
{"name": "monthly_part_parity", "time": 1790512978.8540099, "factor": 2, "month": "1984-07", "rows": 143582, "columns": 42, "exact": true, "path": "/home/ubuntu/aspool-labs/dg03-20260927/monthly-2x/parts/1984-07-bda18ac3d1534932aa97bcafdc7152b9.parquet"}
{"name": "monthly_part_parity", "time": 1790512980.294375, "factor": 2, "month": "1984-08", "rows": 137687, "columns": 42, "exact": true, "path": "/home/ubuntu/aspool-labs/dg03-20260927/monthly-2x/parts/1984-08-5ddc0e60aa004d1394eb07b1b0e00c89.parquet"}
{"name": "monthly_part_parity", "time": 1790512981.5212424, "factor": 2, "month": "1984-09", "rows": 119223, "columns": 42, "exact": true, "path": "/home/ubuntu/aspool-labs/dg03-20260927/monthly-2x/parts/1984-09-e6160eca34b74982a904890fd0596412.parquet"}
{"name": "monthly_part_parity", "time": 1790512982.6638432, "factor": 2, "month": "1984-10", "rows": 113273, "columns": 42, "exact": true, "path": "/home/ubuntu/aspool-labs/dg03-20260927/monthly-2x/parts/1984-10-f21da31a1b5c49089b50227ee708b1f4.parquet"}
{"name": "monthly_part_parity", "time": 1790512984.0162082, "factor": 2, "month": "1984-11", "rows": 132575, "columns": 42, "exact": true, "path": "/home/ubuntu/aspool-labs/dg03-20260927/monthly-2x/parts/1984-11-a3b6cdca69c741178f1a6a5f220f5c41.parquet"}
{"name": "monthly_part_parity", "time": 1790512985.449358, "factor": 2, "month": "1984-12", "rows": 139518, "columns": 42, "exact": true, "path": "/home/ubuntu/aspool-labs/dg03-20260927/monthly-2x/parts/1984-12-a40a37f52abb45c69597f0d8c60ae393.parquet"}
{"name": "monthly_part_parity", "time": 1790512986.6343467, "factor": 2, "month": "1985-01", "rows": 114741, "columns": 42, "exact": true, "path": "/home/ubuntu/aspool-labs/dg03-20260927/monthly-2x/parts/1985-01-19a78285b0de4c0587120a467abd102e.parquet"}
{"name": "monthly_part_parity", "time": 1790512987.8325617, "factor": 2, "month": "1985-02", "rows": 115500, "columns": 42, "exact": true, "path": "/home/ubuntu/aspool-labs/dg03-20260927/monthly-2x/parts/1985-02-c83470f65fdf4ba9aa23df89fd5874f6.parquet"}
{"name": "monthly_part_parity", "time": 1790512989.2201774, "factor": 2, "month": "1985-03", "rows": 135290, "columns": 42, "exact": true, "path": "/home/ubuntu/aspool-labs/dg03-20260927/monthly-2x/parts/1985-03-8baf7b9c77e946deb1808350b80f5063.parquet"}
{"name": "monthly_part_parity", "time": 1790512990.626623, "factor": 2, "month": "1985-04", "rows": 136154, "columns": 42, "exact": true, "path": "/home/ubuntu/aspool-labs/dg03-20260927/monthly-2x/parts/1985-04-f1229a0e3e89481b82a0ec910e2db3d4.parquet"}
{"name": "monthly_part_parity", "time": 1790512991.847596, "factor": 2, "month": "1985-05", "rows": 123948, "columns": 42, "exact": true, "path": "/home/ubuntu/aspool-labs/dg03-20260927/monthly-2x/parts/1985-05-2d8a3e9ca06f401e9f0399b7d32631b6.parquet"}
{"name": "monthly_part_parity", "time": 1790512993.178827, "factor": 2, "month": "1985-06", "rows": 131212, "columns": 42, "exact": true, "path": "/home/ubuntu/aspool-labs/dg03-20260927/monthly-2x/parts/1985-06-e79accdc01bd4229b06cb07c8859c0cd.parquet"}
{"name": "monthly_part_parity", "time": 1790512994.7538023, "factor": 2, "month": "1985-07", "rows": 151810, "columns": 42, "exact": true, "path": "/home/ubuntu/aspool-labs/dg03-20260927/monthly-2x/parts/1985-07-4e1e7a6d55a94665ac1765ee90b52bef.parquet"}
{"name": "monthly_part_parity", "time": 1790512996.181964, "factor": 2, "month": "1985-08", "rows": 139589, "columns": 42, "exact": true, "path": "/home/ubuntu/aspool-labs/dg03-20260927/monthly-2x/parts/1985-08-b94cc37e6c2148a298f965c10ceddeca.parquet"}
{"name": "monthly_part_parity", "time": 1790512997.6749437, "factor": 2, "month": "1985-09", "rows": 147203, "columns": 42, "exact": true, "path": "/home/ubuntu/aspool-labs/dg03-20260927/monthly-2x/parts/1985-09-5672c8d449ad44538a00ce9414f6595c.parquet"}
{"name": "monthly_part_parity", "time": 1790512998.8601503, "factor": 2, "month": "1985-10", "rows": 114530, "columns": 42, "exact": true, "path": "/home/ubuntu/aspool-labs/dg03-20260927/monthly-2x/parts/1985-10-4c19a13b1c2a4bc9b9dec5e630562228.parquet"}
{"name": "monthly_part_parity", "time": 1790513000.235887, "factor": 2, "month": "1985-11", "rows": 135451, "columns": 42, "exact": true, "path": "/home/ubuntu/aspool-labs/dg03-20260927/monthly-2x/parts/1985-11-c6194a53692e4124b0f931155619e256.parquet"}
{"name": "monthly_part_parity", "time": 1790513001.812357, "factor": 2, "month": "1985-12", "rows": 156480, "columns": 42, "exact": true, "path": "/home/ubuntu/aspool-labs/dg03-20260927/monthly-2x/parts/1985-12-af01b46e4b3b4135a0add376120b5517.parquet"}
{"name": "monthly_part_parity", "time": 1790513003.2591758, "factor": 2, "month": "1986-01", "rows": 136990, "columns": 42, "exact": true, "path": "/home/ubuntu/aspool-labs/dg03-20260927/monthly-2x/parts/1986-01-38f99f50005a4cb7916e63716d5d8b65.parquet"}
{"name": "monthly_part_parity", "time": 1790513004.2497811, "factor": 2, "month": "1986-02", "rows": 96462, "columns": 42, "exact": true, "path": "/home/ubuntu/aspool-labs/dg03-20260927/monthly-2x/parts/1986-02-627854bf5bd744dea827a0621b74b734.parquet"}
{"name": "monthly_part_parity", "time": 1790513005.783388, "factor": 2, "month": "1986-03", "rows": 152277, "columns": 42, "exact": true, "path": "/home/ubuntu/aspool-labs/dg03-20260927/monthly-2x/parts/1986-03-0ab389220cd14e95a337f2a763666118.parquet"}
{"name": "monthly_part_parity", "time": 1790513007.2724621, "factor": 2, "month": "1986-04", "rows": 146261, "columns": 42, "exact": true, "path": "/home/ubuntu/aspool-labs/dg03-20260927/monthly-2x/parts/1986-04-00da070e79754b16a57fb803e950f8b8.parquet"}
{"name": "monthly_part_parity", "time": 1790513008.5629299, "factor": 2, "month": "1986-05", "rows": 126236, "columns": 42, "exact": true, "path": "/home/ubuntu/aspool-labs/dg03-20260927/monthly-2x/parts/1986-05-2c0741f43f9f41118e9e3b889fcbe707.parquet"}
{"name": "monthly_part_parity", "time": 1790513010.1181083, "factor": 2, "month": "1986-06", "rows": 148424, "columns": 42, "exact": true, "path": "/home/ubuntu/aspool-labs/dg03-20260927/monthly-2x/parts/1986-06-ecb0ffbba6f9418bb2ee3c85f78b59fd.parquet"}
{"name": "monthly_part_parity", "time": 1790513011.7947645, "factor": 2, "month": "1986-07", "rows": 163728, "columns": 42, "exact": true, "path": "/home/ubuntu/aspool-labs/dg03-20260927/monthly-2x/parts/1986-07-8f4c250a9bb64572818a80db635d0c00.parquet"}
{"name": "monthly_part_parity", "time": 1790513013.341551, "factor": 2, "month": "1986-08", "rows": 150570, "columns": 42, "exact": true, "path": "/home/ubuntu/aspool-labs/dg03-20260927/monthly-2x/parts/1986-08-473e450d764548baadd4131e316fb0f3.parquet"}
{"name": "monthly_part_parity", "time": 1790513014.700966, "factor": 2, "month": "1986-09", "rows": 129979, "columns": 42, "exact": true, "path": "/home/ubuntu/aspool-labs/dg03-20260927/monthly-2x/parts/1986-09-63b984355cfc4d21b1ac8fe8b2ca0da9.parquet"}
{"name": "monthly_built", "time": 1790513027.7941413, "factor": 2, "rows": 35724774, "manifest": [35724774, 642, "1960-01-04", "2026-09-24"], "fields": 42, "original_tables": 18, "root": "/home/ubuntu/aspool-labs/dg03-20260927/monthly-2x", "disk": 3481642169, "catalog": 933507072}
{"name": "phase_monthly_build_2x", "time": 1790513028.8605924, "seconds": 194.07214556899999, "maxrss_bytes": 1414066176, "rss_start": 145428480, "rss_end": 232697856, "peak_sampled_rss": 1414066176, "io_delta": {"rchar": 10078090194, "wchar": 5191675007, "syscr": 158676, "syscw": 61967, "read_bytes": 865832960, "write_bytes": 3999473664, "cancelled_write_bytes": 497549312}, "disk_before": 109909827402, "disk_after": 113391633423, "peak_sampled_disk": 113544883965, "result": null, "status": "passed", "error": null}
