{"name": "provenance", "time": 1790504133.6411068, "git_head": "dc4c292a25d9f870503cf6588dd0cd8a583f8ecd", "imports": "/home/ubuntu/orca/workspaces/tdxman/aspool-dg03-storage/src/aspool/__init__.py", "python": "/home/ubuntu/orca/workspaces/tdxman/aspool-dg03-storage/.venv/bin/python", "source_hashes": {"src/aspool/dg03_candidate.py": "31e621dbb276a8d711c108b8c0749b483880b22c8006a8117b738a0fc2783294", "src/aspool/dg03_etf.py": "5549a56d203d0a7ce98e260baa8327c61074ab81091127598e0761e591963ffd", "scripts/dg03/bench.py": "95e3c226e51bb7631df2c535f50f8445040e5f9c92273a88614f3ba019903b0c"}, "snapshot": "/home/ubuntu/aspool-recovery/20260927-data-remediation/snapshot", "lab": "/home/ubuntu/aspool-labs/dg03-20260927", "manifest_sha256": "123a53ecf9461d65ddcafe43bf73e3edb16278f9fc5ad1b84e014547b079a76b", "versions": {"duckdb": "1.5.5", "pandas": "3.0.5", "pyarrow": "25.0.1", "numpy": "2.2.6"}, "memory_limit": "1GB", "threads": 2, "cache": "OS cache not evicted; raw repeats retained"}
{"name": "public_day", "time": 1790504145.1696038, "repeat": 0, "old_seconds": 11.34582395599864, "candidate_seconds": 0.16905232399949455, "rows": 5570, "columns": ["symbol", "market", "code", "date", "open", "high", "low", "close", "volume", "amount", "turnover_rate", "name", "pre_close", "vol_ratio", "pct_chg", "amplitude", "is_st", "trading_status", "pre_close_source", "is_st_source", "trading_status_source", "vol_ratio_source", "turnover_rate_source", "amplitude_source", "pct_chg_source", "float_share_source", "total_share_source", "float_mv_source", "total_mv_source", "total_share", "float_share", "total_mv", "float_mv", "pe_ttm", "pb"], "exact": true, "metadata_exact": true}
{"name": "public_day", "time": 1790504155.561326, "repeat": 1, "old_seconds": 10.220309198000905, "candidate_seconds": 0.1593659869977273, "rows": 5570, "columns": ["symbol", "market", "code", "date", "open", "high", "low", "close", "volume", "amount", "turnover_rate", "name", "pre_close", "vol_ratio", "pct_chg", "amplitude", "is_st", "trading_status", "pre_close_source", "is_st_source", "trading_status_source", "vol_ratio_source", "turnover_rate_source", "amplitude_source", "pct_chg_source", "float_share_source", "total_share_source", "float_mv_source", "total_mv_source", "total_share", "float_share", "total_mv", "float_mv", "pe_ttm", "pb"], "exact": true, "metadata_exact": true}
{"name": "public_day", "time": 1790504165.9348943, "repeat": 2, "old_seconds": 10.19990143999894, "candidate_seconds": 0.1615365159996145, "rows": 5570, "columns": ["symbol", "market", "code", "date", "open", "high", "low", "close", "volume", "amount", "turnover_rate", "name", "pre_close", "vol_ratio", "pct_chg", "amplitude", "is_st", "trading_status", "pre_close_source", "is_st_source", "trading_status_source", "vol_ratio_source", "turnover_rate_source", "amplitude_source", "pct_chg_source", "float_share_source", "total_share_source", "float_mv_source", "total_mv_source", "total_share", "float_share", "total_mv", "float_mv", "pe_ttm", "pb"], "exact": true, "metadata_exact": true}
{"name": "public_60_natural_days", "time": 1790504180.6440113, "repeat": 0, "old_seconds": 12.345958775000327, "candidate_seconds": 2.013414886998362, "rows": 243936, "columns": ["symbol", "market", "code", "date", "open", "high", "low", "close", "volume", "amount", "turnover_rate", "name", "pre_close", "vol_ratio", "pct_chg", "amplitude", "is_st", "trading_status", "pre_close_source", "is_st_source", "trading_status_source", "vol_ratio_source", "turnover_rate_source", "amplitude_source", "pct_chg_source", "float_share_source", "total_share_source", "float_mv_source", "total_mv_source", "total_share", "float_share", "total_mv", "float_mv", "pe_ttm", "pb"], "exact": true, "metadata_exact": true}
{"name": "public_60_natural_days", "time": 1790504196.8724766, "repeat": 1, "old_seconds": 14.019854264999594, "candidate_seconds": 1.8875640890000795, "rows": 243936, "columns": ["symbol", "market", "code", "date", "open", "high", "low", "close", "volume", "amount", "turnover_rate", "name", "pre_close", "vol_ratio", "pct_chg", "amplitude", "is_st", "trading_status", "pre_close_source", "is_st_source", "trading_status_source", "vol_ratio_source", "turnover_rate_source", "amplitude_source", "pct_chg_source", "float_share_source", "total_share_source", "float_mv_source", "total_mv_source", "total_share", "float_share", "total_mv", "float_mv", "pe_ttm", "pb"], "exact": true, "metadata_exact": true}
{"name": "public_60_natural_days", "time": 1790504211.759045, "repeat": 2, "old_seconds": 12.673679783998523, "candidate_seconds": 1.8809391649992904, "rows": 243936, "columns": ["symbol", "market", "code", "date", "open", "high", "low", "close", "volume", "amount", "turnover_rate", "name", "pre_close", "vol_ratio", "pct_chg", "amplitude", "is_st", "trading_status", "pre_close_source", "is_st_source", "trading_status_source", "vol_ratio_source", "turnover_rate_source", "amplitude_source", "pct_chg_source", "float_share_source", "total_share_source", "float_mv_source", "total_mv_source", "total_share", "float_share", "total_mv", "float_mv", "pe_ttm", "pb"], "exact": true, "metadata_exact": true}
{"name": "public_single_history", "time": 1790504213.4095755, "repeat": 0, "old_seconds": 0.156859466998867, "candidate_seconds": 1.4862735589995282, "rows": 6318, "columns": ["symbol", "market", "code", "date", "open", "high", "low", "close", "volume", "amount", "turnover_rate", "name", "pre_close", "vol_ratio", "pct_chg", "amplitude", "is_st", "trading_status", "pre_close_source", "is_st_source", "trading_status_source", "vol_ratio_source", "turnover_rate_source", "amplitude_source", "pct_chg_source", "float_share_source", "total_share_source", "float_mv_source", "total_mv_source", "total_share", "float_share", "total_mv", "float_mv", "pe_ttm", "pb"], "exact": true, "metadata_exact": true}
{"name": "public_single_history", "time": 1790504214.812718, "repeat": 1, "old_seconds": 0.15570708499944885, "candidate_seconds": 1.2402824599994346, "rows": 6318, "columns": ["symbol", "market", "code", "date", "open", "high", "low", "close", "volume", "amount", "turnover_rate", "name", "pre_close", "vol_ratio", "pct_chg", "amplitude", "is_st", "trading_status", "pre_close_source", "is_st_source", "trading_status_source", "vol_ratio_source", "turnover_rate_source", "amplitude_source", "pct_chg_source", "float_share_source", "total_share_source", "float_mv_source", "total_mv_source", "total_share", "float_share", "total_mv", "float_mv", "pe_ttm", "pb"], "exact": true, "metadata_exact": true}
{"name": "public_single_history", "time": 1790504216.171338, "repeat": 2, "old_seconds": 0.15226664900183096, "candidate_seconds": 1.1988786040019477, "rows": 6318, "columns": ["symbol", "market", "code", "date", "open", "high", "low", "close", "volume", "amount", "turnover_rate", "name", "pre_close", "vol_ratio", "pct_chg", "amplitude", "is_st", "trading_status", "pre_close_source", "is_st_source", "trading_status_source", "vol_ratio_source", "turnover_rate_source", "amplitude_source", "pct_chg_source", "float_share_source", "total_share_source", "float_mv_source", "total_mv_source", "total_share", "float_share", "total_mv", "float_mv", "pe_ttm", "pb"], "exact": true, "metadata_exact": true}
{"name": "etf_60_natural_days", "time": 1790504220.6169777, "repeat": 0, "old_seconds": 2.49940623799921, "candidate_seconds": 0.16203200299787568, "rows": 72284, "columns": ["symbol", "market", "code", "date", "open", "high", "low", "close", "volume", "amount", "turnover_rate", "name", "pre_close", "vol_ratio", "pct_chg", "amplitude", "is_st", "trading_status", "pre_close_source", "is_st_source", "trading_status_source", "vol_ratio_source", "turnover_rate_source", "amplitude_source", "pct_chg_source", "float_share_source", "total_share_source", "float_mv_source", "total_mv_source", "total_share", "float_share", "total_mv", "float_mv", "pe_ttm", "pb"], "exact": true, "metadata_exact": true}
{"name": "etf_60_natural_days", "time": 1790504224.8736484, "repeat": 1, "old_seconds": 2.291721626999788, "candidate_seconds": 0.14875361799931852, "rows": 72284, "columns": ["symbol", "market", "code", "date", "open", "high", "low", "close", "volume", "amount", "turnover_rate", "name", "pre_close", "vol_ratio", "pct_chg", "amplitude", "is_st", "trading_status", "pre_close_source", "is_st_source", "trading_status_source", "vol_ratio_source", "turnover_rate_source", "amplitude_source", "pct_chg_source", "float_share_source", "total_share_source", "float_mv_source", "total_mv_source", "total_share", "float_share", "total_mv", "float_mv", "pe_ttm", "pb"], "exact": true, "metadata_exact": true}
{"name": "etf_60_natural_days", "time": 1790504229.078148, "repeat": 2, "old_seconds": 2.2791700849993504, "candidate_seconds": 0.14677995999954874, "rows": 72284, "columns": ["symbol", "market", "code", "date", "open", "high", "low", "close", "volume", "amount", "turnover_rate", "name", "pre_close", "vol_ratio", "pct_chg", "amplitude", "is_st", "trading_status", "pre_close_source", "is_st_source", "trading_status_source", "vol_ratio_source", "turnover_rate_source", "amplitude_source", "pct_chg_source", "float_share_source", "total_share_source", "float_mv_source", "total_mv_source", "total_share", "float_share", "total_mv", "float_mv", "pe_ttm", "pb"], "exact": true, "metadata_exact": true}
{"name": "public_five_year_window", "time": 1790504241.618935, "repeat": 0, "start": "2021-09-25", "end": "2021-11-23", "rows": 162943, "old_seconds": 11.093458893003117, "candidate_seconds": 1.2410223199985921, "exact": true}
{"name": "public_five_year_window", "time": 1790504254.8579636, "repeat": 0, "start": "2021-11-24", "end": "2022-01-22", "rows": 188286, "old_seconds": 11.626425152997399, "candidate_seconds": 1.378068539997912, "exact": true}
{"name": "public_five_year_window", "time": 1790504267.3449364, "repeat": 0, "start": "2022-01-23", "end": "2022-03-23", "rows": 172780, "old_seconds": 11.08759885499967, "candidate_seconds": 1.1851456450021942, "exact": true}
{"name": "public_five_year_window", "time": 1790504280.2683291, "repeat": 0, "start": "2022-03-24", "end": "2022-05-22", "rows": 170300, "old_seconds": 11.503557830001228, "candidate_seconds": 1.2032707809994463, "exact": true}
{"name": "public_five_year_window", "time": 1790504292.9591696, "repeat": 0, "start": "2022-05-23", "end": "2022-07-21", "rows": 200425, "old_seconds": 11.129007335999631, "candidate_seconds": 1.3194952179983375, "exact": true}
{"name": "public_five_year_window", "time": 1790504305.4598722, "repeat": 0, "start": "2022-07-22", "end": "2022-09-19", "rows": 194215, "old_seconds": 10.970194016997993, "candidate_seconds": 1.289492894000432, "exact": true}
{"name": "public_five_year_window", "time": 1790504318.211503, "repeat": 0, "start": "2022-09-20", "end": "2022-11-18", "rows": 188027, "old_seconds": 11.24409544700029, "candidate_seconds": 1.2726215580005373, "exact": true}
{"name": "public_five_year_window", "time": 1790504331.1028066, "repeat": 0, "start": "2022-11-19", "end": "2023-01-17", "rows": 200825, "old_seconds": 11.299366529001418, "candidate_seconds": 1.3475080110001727, "exact": true}
{"name": "public_five_year_window", "time": 1790504343.7251728, "repeat": 0, "start": "2023-01-18", "end": "2023-03-18", "rows": 188366, "old_seconds": 11.131902914999955, "candidate_seconds": 1.2515892560004431, "exact": true}
{"name": "public_five_year_window", "time": 1790504356.5294318, "repeat": 0, "start": "2023-03-19", "end": "2023-05-17", "rows": 195601, "old_seconds": 11.26152743700004, "candidate_seconds": 1.3005701160000172, "exact": true}
{"name": "public_five_year_window", "time": 1790504369.6245604, "repeat": 0, "start": "2023-05-18", "end": "2023-07-16", "rows": 203187, "old_seconds": 11.506311067998467, "candidate_seconds": 1.3199915080003848, "exact": true}
{"name": "public_five_year_window", "time": 1790504383.9000158, "repeat": 0, "start": "2023-07-17", "end": "2023-09-14", "rows": 226943, "old_seconds": 12.439644363999832, "candidate_seconds": 1.5518921059992863, "exact": true}
{"name": "public_five_year_window", "time": 1790504397.0104973, "repeat": 0, "start": "2023-09-15", "end": "2023-11-13", "rows": 187174, "old_seconds": 11.656201227997371, "candidate_seconds": 1.2262316189990088, "exact": true}
{"name": "public_five_year_window", "time": 1790504410.0358226, "repeat": 0, "start": "2023-11-14", "end": "2024-01-12", "rows": 224918, "old_seconds": 11.318527834999259, "candidate_seconds": 1.4323585550009739, "exact": true}
{"name": "public_five_year_window", "time": 1790504422.9117272, "repeat": 0, "start": "2024-01-13", "end": "2024-03-12", "rows": 189384, "old_seconds": 11.381739528002072, "candidate_seconds": 1.2653153949977423, "exact": true}
{"name": "public_five_year_window", "time": 1790504436.2763412, "repeat": 0, "start": "2024-03-13", "end": "2024-05-11", "rows": 200412, "old_seconds": 11.60595709199697, "candidate_seconds": 1.498937107000529, "exact": true}
{"name": "public_five_year_window", "time": 1790504449.7186644, "repeat": 0, "start": "2024-05-12", "end": "2024-07-10", "rows": 221949, "old_seconds": 11.528466212999774, "candidate_seconds": 1.6279004659991188, "exact": true}
{"name": "public_five_year_window", "time": 1790504463.1205778, "repeat": 0, "start": "2024-07-11", "end": "2024-09-08", "rows": 222448, "old_seconds": 11.519656824999402, "candidate_seconds": 1.5979453430009016, "exact": true}
{"name": "public_five_year_window", "time": 1790504476.1728907, "repeat": 0, "start": "2024-09-09", "end": "2024-11-07", "rows": 196424, "old_seconds": 11.347471565000887, "candidate_seconds": 1.4504825289986911, "exact": true}
{"name": "public_five_year_window", "time": 1790504489.498628, "repeat": 0, "start": "2024-11-08", "end": "2025-01-06", "rows": 218315, "old_seconds": 11.66176249199998, "candidate_seconds": 1.3968635210003413, "exact": true}
{"name": "public_five_year_window", "time": 1790504502.4752994, "repeat": 0, "start": "2025-01-07", "end": "2025-03-07", "rows": 203207, "old_seconds": 11.392246387997147, "candidate_seconds": 1.322366216001683, "exact": true}
{"name": "public_five_year_window", "time": 1790504515.9042916, "repeat": 0, "start": "2025-03-08", "end": "2025-05-06", "rows": 203688, "old_seconds": 11.783000654002535, "candidate_seconds": 1.3417058540035214, "exact": true}
{"name": "public_five_year_window", "time": 1790504529.0376098, "repeat": 0, "start": "2025-05-07", "end": "2025-07-05", "rows": 225859, "old_seconds": 11.396970752997731, "candidate_seconds": 1.4636841709980217, "exact": true}
{"name": "public_five_year_window", "time": 1790504542.2747307, "repeat": 0, "start": "2025-07-06", "end": "2025-09-03", "rows": 231999, "old_seconds": 11.472388074002083, "candidate_seconds": 1.4888052639980742, "exact": true}
{"name": "public_five_year_window", "time": 1790504555.0856829, "repeat": 0, "start": "2025-09-04", "end": "2025-11-02", "rows": 194856, "old_seconds": 11.355890049999289, "candidate_seconds": 1.2202191869982926, "exact": true}
{"name": "public_five_year_window", "time": 1790504568.9669642, "repeat": 0, "start": "2025-11-03", "end": "2026-01-01", "rows": 233582, "old_seconds": 12.03645218300153, "candidate_seconds": 1.5511563539985218, "exact": true}
{"name": "public_five_year_window", "time": 1790504582.2320232, "repeat": 0, "start": "2026-01-02", "end": "2026-03-02", "rows": 191040, "old_seconds": 11.79793636499744, "candidate_seconds": 1.235279823999008, "exact": true}
{"name": "public_five_year_window", "time": 1790504596.0457518, "repeat": 0, "start": "2026-03-03", "end": "2026-05-01", "rows": 230170, "old_seconds": 11.936021041998174, "candidate_seconds": 1.5868523040007858, "exact": true}
{"name": "public_five_year_window", "time": 1790504609.515594, "repeat": 0, "start": "2026-05-02", "end": "2026-06-30", "rows": 214645, "old_seconds": 11.75402328600103, "candidate_seconds": 1.449018162998982, "exact": true}
{"name": "public_five_year_window", "time": 1790504623.3658917, "repeat": 0, "start": "2026-07-01", "end": "2026-08-29", "rows": 237798, "old_seconds": 11.920664365999983, "candidate_seconds": 1.6329510819996358, "exact": true}
{"name": "public_five_year_window", "time": 1790504635.3896542, "repeat": 0, "start": "2026-08-30", "end": "2026-09-24", "rows": 105519, "old_seconds": 11.051029916001426, "candidate_seconds": 0.8161819009983446, "exact": true}
{"name": "public_five_year", "time": 1790504635.3898115, "repeat": 0, "rows": 6225285, "old_seconds": 356.2094956989931, "candidate_seconds": 42.26492280798993, "exact": true}
{"name": "public_five_year_window", "time": 1790504647.2560878, "repeat": 1, "start": "2021-09-25", "end": "2021-11-23", "rows": 162943, "old_seconds": 10.57999781900071, "candidate_seconds": 1.0880984350005747, "exact": true}
{"name": "public_five_year_window", "time": 1790504659.4952314, "repeat": 1, "start": "2021-11-24", "end": "2022-01-22", "rows": 188286, "old_seconds": 10.783650651999778, "candidate_seconds": 1.2233331230017939, "exact": true}
{"name": "public_five_year_window", "time": 1790504671.3303452, "repeat": 1, "start": "2022-01-23", "end": "2022-03-23", "rows": 172780, "old_seconds": 10.494555682002101, "candidate_seconds": 1.1259405199998582, "exact": true}
{"name": "public_five_year_window", "time": 1790504683.3465545, "repeat": 1, "start": "2022-03-24", "end": "2022-05-22", "rows": 170300, "old_seconds": 10.656809154999792, "candidate_seconds": 1.1522745309994207, "exact": true}
{"name": "public_five_year_window", "time": 1790504695.7520392, "repeat": 1, "start": "2022-05-23", "end": "2022-07-21", "rows": 200425, "old_seconds": 10.861006836999877, "candidate_seconds": 1.3035797750017082, "exact": true}
{"name": "public_five_year_window", "time": 1790504708.1889973, "repeat": 1, "start": "2022-07-22", "end": "2022-09-19", "rows": 194215, "old_seconds": 10.933780068000488, "candidate_seconds": 1.263285506000102, "exact": true}
{"name": "public_five_year_window", "time": 1790504720.6895895, "repeat": 1, "start": "2022-09-20", "end": "2022-11-18", "rows": 188027, "old_seconds": 11.043468917003338, "candidate_seconds": 1.2298505940016184, "exact": true}
{"name": "public_five_year_window", "time": 1790504733.2094452, "repeat": 1, "start": "2022-11-19", "end": "2023-01-17", "rows": 200825, "old_seconds": 11.001505123000243, "candidate_seconds": 1.2754086120003194, "exact": true}
{"name": "public_five_year_window", "time": 1790504745.8363469, "repeat": 1, "start": "2023-01-18", "end": "2023-03-18", "rows": 188366, "old_seconds": 11.152710641999874, "candidate_seconds": 1.2450909319995844, "exact": true}
{"name": "public_five_year_window", "time": 1790504758.4225383, "repeat": 1, "start": "2023-03-19", "end": "2023-05-17", "rows": 195601, "old_seconds": 11.074498980000499, "candidate_seconds": 1.2669309040029475, "exact": true}
{"name": "public_five_year_window", "time": 1790504771.1548321, "repeat": 1, "start": "2023-05-18", "end": "2023-07-16", "rows": 203187, "old_seconds": 11.1892696970026, "candidate_seconds": 1.2926011929994274, "exact": true}
{"name": "public_five_year_window", "time": 1790504784.431889, "repeat": 1, "start": "2023-07-17", "end": "2023-09-14", "rows": 226943, "old_seconds": 11.530373459998373, "candidate_seconds": 1.4704357459995663, "exact": true}
{"name": "public_five_year_window", "time": 1790504797.0337284, "repeat": 1, "start": "2023-09-15", "end": "2023-11-13", "rows": 187174, "old_seconds": 11.148048508999636, "candidate_seconds": 1.2282161979965167, "exact": true}
{"name": "public_five_year_window", "time": 1790504810.160879, "repeat": 1, "start": "2023-11-14", "end": "2024-01-12", "rows": 224918, "old_seconds": 11.36361455700171, "candidate_seconds": 1.4865140299989434, "exact": true}
{"name": "public_five_year_window", "time": 1790504822.9868157, "repeat": 1, "start": "2024-01-13", "end": "2024-03-12", "rows": 189384, "old_seconds": 11.329861727001116, "candidate_seconds": 1.2636636210008874, "exact": true}
{"name": "public_five_year_window", "time": 1790504836.2758932, "repeat": 1, "start": "2024-03-13", "end": "2024-05-11", "rows": 200412, "old_seconds": 11.55013629899986, "candidate_seconds": 1.4786220959977072, "exact": true}
{"name": "public_five_year_window", "time": 1790504849.6338403, "repeat": 1, "start": "2024-05-12", "end": "2024-07-10", "rows": 221949, "old_seconds": 11.457777868999983, "candidate_seconds": 1.6110333899996476, "exact": true}
{"name": "public_five_year_window", "time": 1790504863.011782, "repeat": 1, "start": "2024-07-11", "end": "2024-09-08", "rows": 222448, "old_seconds": 11.474210144002427, "candidate_seconds": 1.6057314930003486, "exact": true}
{"name": "public_five_year_window", "time": 1790504876.099521, "repeat": 1, "start": "2024-09-09", "end": "2024-11-07", "rows": 196424, "old_seconds": 11.4162175019992, "candidate_seconds": 1.4195421959993837, "exact": true}
{"name": "public_five_year_window", "time": 1790504889.46941, "repeat": 1, "start": "2024-11-08", "end": "2025-01-06", "rows": 218315, "old_seconds": 11.703957057998196, "candidate_seconds": 1.391540612999961, "exact": true}
{"name": "public_five_year_window", "time": 1790504902.3937047, "repeat": 1, "start": "2025-01-07", "end": "2025-03-07", "rows": 203207, "old_seconds": 11.358654827999999, "candidate_seconds": 1.313412684998184, "exact": true}
{"name": "public_five_year_window", "time": 1790504915.414433, "repeat": 1, "start": "2025-03-08", "end": "2025-05-06", "rows": 203688, "old_seconds": 11.442491791000066, "candidate_seconds": 1.3204280440004368, "exact": true}
{"name": "public_five_year_window", "time": 1790504928.577052, "repeat": 1, "start": "2025-05-07", "end": "2025-07-05", "rows": 225859, "old_seconds": 11.446717971000908, "candidate_seconds": 1.4463877310008684, "exact": true}
KeyboardInterrupt

The above exception was the direct cause of the following exception:

Traceback (most recent call last):
  File "/home/ubuntu/orca/workspaces/tdxman/aspool-dg03-storage/scripts/dg03/bench.py", line 739, in <module>
    )
    ^^
  File "/home/ubuntu/orca/workspaces/tdxman/aspool-dg03-storage/scripts/dg03/bench.py", line 721, in main
    assert other.returncode == 0, err
^^^^^^^^^^^^^^^^^^^^^^^^^^^^^^^^^^^^^
  File "/home/ubuntu/orca/workspaces/tdxman/aspool-dg03-storage/scripts/dg03/bench.py", line 76, in measured
    result = fn()
             ^^^^
  File "/home/ubuntu/orca/workspaces/tdxman/aspool-dg03-storage/scripts/dg03/bench.py", line 281, in reads
    stop = min(start + timedelta(days=59), end)
        ^^^^^^^^^^^^^^^^^^^^^^^^^^^^^^^^^^^^^
  File "/home/ubuntu/orca/workspaces/tdxman/aspool-dg03-storage/src/aspool/api_contract.py", line 20, in wrapped
    return function(*args, **kwargs)
           ^^^^^^^^^^^^^^^^^^^^^^^^^
  File "/home/ubuntu/orca/workspaces/tdxman/aspool-dg03-storage/src/aspool/pool.py", line 264, in read_daily
    duckdb.connect() as conn,
    ^^^^^^^^^^^^^^^^
  File "/home/ubuntu/orca/workspaces/tdxman/aspool-dg03-storage/src/aspool/pool.py", line 362, in read_daily
    frame = conn.execute(
            ^^^^^^^^^^^^^
RuntimeError: Query interrupted
